
> calcpro-np@4.0.0 build
> next build

  ▲ Next.js 14.2.3
  - Environments: .env.local

   Creating an optimized production build ...
 ✓ Compiled successfully
   Skipping linting
   Checking validity of types ...
   Collecting page data ...
node.exe :  ⚠ Using edge runtime on a page currently disables static generation for that page
At C:\Program Files\nodejs\npm.ps1:29 char:3
+   & $NODE_EXE $NPM_CLI_JS $args
+   ~~~~~~~~~~~~~~~~~~~~~~~~~~~~~
    + CategoryInfo          : NotSpecified: ( ⚠ Using edge r...n for that page:String) [], RemoteException
    + FullyQualifiedErrorId : NativeCommandError
 
   Generating static pages (0/68) ...
 ⨯ useSearchParams() should be wrapped in a suspense boundary at page "/calculators/nepal". Read more: 
https://nextjs.org/docs/messages/missing-suspense-with-csr-bailout
    at o (C:\Users\hp\Desktop\Movie\calcpro-FIXED\calcpro-final-build\.next\server\chunks\8750.js:26:11795)
    at c (C:\Users\hp\Desktop\Movie\calcpro-FIXED\calcpro-final-build\.next\server\chunks\8750.js:26:22792)
    at o (C:\Users\hp\Desktop\Movie\calcpro-FIXED\calcpro-final-build\.next\server\chunks\1490.js:1:3864)
    at nj (C:\Users\hp\Desktop\Movie\calcpro-FIXED\calcpro-final-build\node_modules\next\dist\compiled\next-server\app-
page.runtime.prod.js:12:46251)
    at nM (C:\Users\hp\Desktop\Movie\calcpro-FIXED\calcpro-final-build\node_modules\next\dist\compiled\next-server\app-
page.runtime.prod.js:12:47571)
    at nM (C:\Users\hp\Desktop\Movie\calcpro-FIXED\calcpro-final-build\node_modules\next\dist\compiled\next-server\app-
page.runtime.prod.js:12:61546)
    at nN (C:\Users\hp\Desktop\Movie\calcpro-FIXED\calcpro-final-build\node_modules\next\dist\compiled\next-server\app-
page.runtime.prod.js:12:64546)
    at nB (C:\Users\hp\Desktop\Movie\calcpro-FIXED\calcpro-final-build\node_modules\next\dist\compiled\next-server\app-
page.runtime.prod.js:12:67538)
    at nD (C:\Users\hp\Desktop\Movie\calcpro-FIXED\calcpro-final-build\node_modules\next\dist\compiled\next-server\app-
page.runtime.prod.js:12:66680)
    at nN (C:\Users\hp\Desktop\Movie\calcpro-FIXED\calcpro-final-build\node_modules\next\dist\compiled\next-server\app-
page.runtime.prod.js:12:64853)

Error occurred prerendering page "/calculators/nepal". Read more: https://nextjs.org/docs/messages/prerender-error

 ⨯ useSearchParams() should be wrapped in a suspense boundary at page "/pricing". Read more: 
https://nextjs.org/docs/messages/missing-suspense-with-csr-bailout
    at o (C:\Users\hp\Desktop\Movie\calcpro-FIXED\calcpro-final-build\.next\server\chunks\8750.js:26:11795)
    at c (C:\Users\hp\Desktop\Movie\calcpro-FIXED\calcpro-final-build\.next\server\chunks\8750.js:26:22792)
    at o (C:\Users\hp\Desktop\Movie\calcpro-FIXED\calcpro-final-build\.next\server\chunks\1490.js:1:3864)
    at nj (C:\Users\hp\Desktop\Movie\calcpro-FIXED\calcpro-final-build\node_modules\next\dist\compiled\next-server\app-
page.runtime.prod.js:12:46251)
    at nM (C:\Users\hp\Desktop\Movie\calcpro-FIXED\calcpro-final-build\node_modules\next\dist\compiled\next-server\app-
page.runtime.prod.js:12:47571)
    at nM (C:\Users\hp\Desktop\Movie\calcpro-FIXED\calcpro-final-build\node_modules\next\dist\compiled\next-server\app-
page.runtime.prod.js:12:61546)
    at nN (C:\Users\hp\Desktop\Movie\calcpro-FIXED\calcpro-final-build\node_modules\next\dist\compiled\next-server\app-
page.runtime.prod.js:12:64546)
    at nB (C:\Users\hp\Desktop\Movie\calcpro-FIXED\calcpro-final-build\node_modules\next\dist\compiled\next-server\app-
page.runtime.prod.js:12:67538)
    at nD (C:\Users\hp\Desktop\Movie\calcpro-FIXED\calcpro-final-build\node_modules\next\dist\compiled\next-server\app-
page.runtime.prod.js:12:66680)
    at nN (C:\Users\hp\Desktop\Movie\calcpro-FIXED\calcpro-final-build\node_modules\next\dist\compiled\next-server\app-
page.runtime.prod.js:12:64853)

Error occurred prerendering page "/pricing". Read more: https://nextjs.org/docs/messages/prerender-error

 ⨯ useSearchParams() should be wrapped in a suspense boundary at page "/". Read more: 
https://nextjs.org/docs/messages/missing-suspense-with-csr-bailout
    at o (C:\Users\hp\Desktop\Movie\calcpro-FIXED\calcpro-final-build\.next\server\chunks\8750.js:26:11795)
    at c (C:\Users\hp\Desktop\Movie\calcpro-FIXED\calcpro-final-build\.next\server\chunks\8750.js:26:22792)
    at o (C:\Users\hp\Desktop\Movie\calcpro-FIXED\calcpro-final-build\.next\server\chunks\1490.js:1:3864)
    at nj (C:\Users\hp\Desktop\Movie\calcpro-FIXED\calcpro-final-build\node_modules\next\dist\compiled\next-server\app-
page.runtime.prod.js:12:46251)
    at nM (C:\Users\hp\Desktop\Movie\calcpro-FIXED\calcpro-final-build\node_modules\next\dist\compiled\next-server\app-
page.runtime.prod.js:12:47571)
    at nM (C:\Users\hp\Desktop\Movie\calcpro-FIXED\calcpro-final-build\node_modules\next\dist\compiled\next-server\app-
page.runtime.prod.js:12:61546)
    at nN (C:\Users\hp\Desktop\Movie\calcpro-FIXED\calcpro-final-build\node_modules\next\dist\compiled\next-server\app-
page.runtime.prod.js:12:64546)
    at nB (C:\Users\hp\Desktop\Movie\calcpro-FIXED\calcpro-final-build\node_modules\next\dist\compiled\next-server\app-
page.runtime.prod.js:12:67538)
    at nD (C:\Users\hp\Desktop\Movie\calcpro-FIXED\calcpro-final-build\node_modules\next\dist\compiled\next-server\app-
page.runtime.prod.js:12:66680)
    at nN (C:\Users\hp\Desktop\Movie\calcpro-FIXED\calcpro-final-build\node_modules\next\dist\compiled\next-server\app-
page.runtime.prod.js:12:64853)

Error occurred prerendering page "/". Read more: https://nextjs.org/docs/messages/prerender-error

 ⨯ useSearchParams() should be wrapped in a suspense boundary at page "/privacy". Read more: 
https://nextjs.org/docs/messages/missing-suspense-with-csr-bailout
    at o (C:\Users\hp\Desktop\Movie\calcpro-FIXED\calcpro-final-build\.next\server\chunks\8750.js:26:11795)
    at c (C:\Users\hp\Desktop\Movie\calcpro-FIXED\calcpro-final-build\.next\server\chunks\8750.js:26:22792)
    at o (C:\Users\hp\Desktop\Movie\calcpro-FIXED\calcpro-final-build\.next\server\chunks\1490.js:1:3864)
    at nj (C:\Users\hp\Desktop\Movie\calcpro-FIXED\calcpro-final-build\node_modules\next\dist\compiled\next-server\app-
page.runtime.prod.js:12:46251)
    at nM (C:\Users\hp\Desktop\Movie\calcpro-FIXED\calcpro-final-build\node_modules\next\dist\compiled\next-server\app-
page.runtime.prod.js:12:47571)
    at nM (C:\Users\hp\Desktop\Movie\calcpro-FIXED\calcpro-final-build\node_modules\next\dist\compiled\next-server\app-
page.runtime.prod.js:12:61546)
    at nN (C:\Users\hp\Desktop\Movie\calcpro-FIXED\calcpro-final-build\node_modules\next\dist\compiled\next-server\app-
page.runtime.prod.js:12:64546)
    at nB (C:\Users\hp\Desktop\Movie\calcpro-FIXED\calcpro-final-build\node_modules\next\dist\compiled\next-server\app-
page.runtime.prod.js:12:67538)
    at nD (C:\Users\hp\Desktop\Movie\calcpro-FIXED\calcpro-final-build\node_modules\next\dist\compiled\next-server\app-
page.runtime.prod.js:12:66680)
    at nN (C:\Users\hp\Desktop\Movie\calcpro-FIXED\calcpro-final-build\node_modules\next\dist\compiled\next-server\app-
page.runtime.prod.js:12:64853)

Error occurred prerendering page "/privacy". Read more: https://nextjs.org/docs/messages/prerender-error

 ⨯ useSearchParams() should be wrapped in a suspense boundary at page "/404". Read more: 
https://nextjs.org/docs/messages/missing-suspense-with-csr-bailout
    at o (C:\Users\hp\Desktop\Movie\calcpro-FIXED\calcpro-final-build\.next\server\chunks\8750.js:26:11795)
    at c (C:\Users\hp\Desktop\Movie\calcpro-FIXED\calcpro-final-build\.next\server\chunks\8750.js:26:22792)
    at o (C:\Users\hp\Desktop\Movie\calcpro-FIXED\calcpro-final-build\.next\server\chunks\1490.js:1:3864)
    at nj (C:\Users\hp\Desktop\Movie\calcpro-FIXED\calcpro-final-build\node_modules\next\dist\compiled\next-server\app-
page.runtime.prod.js:12:46251)
    at nM (C:\Users\hp\Desktop\Movie\calcpro-FIXED\calcpro-final-build\node_modules\next\dist\compiled\next-server\app-
page.runtime.prod.js:12:47571)
    at nM (C:\Users\hp\Desktop\Movie\calcpro-FIXED\calcpro-final-build\node_modules\next\dist\compiled\next-server\app-
page.runtime.prod.js:12:61546)
    at nN (C:\Users\hp\Desktop\Movie\calcpro-FIXED\calcpro-final-build\node_modules\next\dist\compiled\next-server\app-
page.runtime.prod.js:12:64546)
    at nB (C:\Users\hp\Desktop\Movie\calcpro-FIXED\calcpro-final-build\node_modules\next\dist\compiled\next-server\app-
page.runtime.prod.js:12:67538)
    at nD (C:\Users\hp\Desktop\Movie\calcpro-FIXED\calcpro-final-build\node_modules\next\dist\compiled\next-server\app-
page.runtime.prod.js:12:66680)
    at nN (C:\Users\hp\Desktop\Movie\calcpro-FIXED\calcpro-final-build\node_modules\next\dist\compiled\next-server\app-
page.runtime.prod.js:12:64853)

Error occurred prerendering page "/_not-found". Read more: https://nextjs.org/docs/messages/prerender-error

 ⨯ useSearchParams() should be wrapped in a suspense boundary at page "/admin/seo-pages/new". Read more: 
https://nextjs.org/docs/messages/missing-suspense-with-csr-bailout
    at o (C:\Users\hp\Desktop\Movie\calcpro-FIXED\calcpro-final-build\.next\server\chunks\8750.js:26:11795)
    at c (C:\Users\hp\Desktop\Movie\calcpro-FIXED\calcpro-final-build\.next\server\chunks\8750.js:26:22792)
    at o (C:\Users\hp\Desktop\Movie\calcpro-FIXED\calcpro-final-build\.next\server\chunks\1490.js:1:3864)
    at nj (C:\Users\hp\Desktop\Movie\calcpro-FIXED\calcpro-final-build\node_modules\next\dist\compiled\next-server\app-
page.runtime.prod.js:12:46251)
    at nM (C:\Users\hp\Desktop\Movie\calcpro-FIXED\calcpro-final-build\node_modules\next\dist\compiled\next-server\app-
page.runtime.prod.js:12:47571)
    at nM (C:\Users\hp\Desktop\Movie\calcpro-FIXED\calcpro-final-build\node_modules\next\dist\compiled\next-server\app-
page.runtime.prod.js:12:61546)
    at nN (C:\Users\hp\Desktop\Movie\calcpro-FIXED\calcpro-final-build\node_modules\next\dist\compiled\next-server\app-
page.runtime.prod.js:12:64546)
    at nB (C:\Users\hp\Desktop\Movie\calcpro-FIXED\calcpro-final-build\node_modules\next\dist\compiled\next-server\app-
page.runtime.prod.js:12:67538)
    at nD (C:\Users\hp\Desktop\Movie\calcpro-FIXED\calcpro-final-build\node_modules\next\dist\compiled\next-server\app-
page.runtime.prod.js:12:66680)
    at nN (C:\Users\hp\Desktop\Movie\calcpro-FIXED\calcpro-final-build\node_modules\next\dist\compiled\next-server\app-
page.runtime.prod.js:12:64853)

Error occurred prerendering page "/admin/seo-pages/new". Read more: https://nextjs.org/docs/messages/prerender-error

 ⨯ useSearchParams() should be wrapped in a suspense boundary at page "/admin/posts". Read more: 
https://nextjs.org/docs/messages/missing-suspense-with-csr-bailout
    at o (C:\Users\hp\Desktop\Movie\calcpro-FIXED\calcpro-final-build\.next\server\chunks\8750.js:26:11795)
    at c (C:\Users\hp\Desktop\Movie\calcpro-FIXED\calcpro-final-build\.next\server\chunks\8750.js:26:22792)
    at o (C:\Users\hp\Desktop\Movie\calcpro-FIXED\calcpro-final-build\.next\server\chunks\1490.js:1:3864)
    at nj (C:\Users\hp\Desktop\Movie\calcpro-FIXED\calcpro-final-build\node_modules\next\dist\compiled\next-server\app-
page.runtime.prod.js:12:46251)
    at nM (C:\Users\hp\Desktop\Movie\calcpro-FIXED\calcpro-final-build\node_modules\next\dist\compiled\next-server\app-
page.runtime.prod.js:12:47571)
    at nM (C:\Users\hp\Desktop\Movie\calcpro-FIXED\calcpro-final-build\node_modules\next\dist\compiled\next-server\app-
page.runtime.prod.js:12:61546)
    at nN (C:\Users\hp\Desktop\Movie\calcpro-FIXED\calcpro-final-build\node_modules\next\dist\compiled\next-server\app-
page.runtime.prod.js:12:64546)
    at nB (C:\Users\hp\Desktop\Movie\calcpro-FIXED\calcpro-final-build\node_modules\next\dist\compiled\next-server\app-
page.runtime.prod.js:12:67538)
    at nD (C:\Users\hp\Desktop\Movie\calcpro-FIXED\calcpro-final-build\node_modules\next\dist\compiled\next-server\app-
page.runtime.prod.js:12:66680)
    at nN (C:\Users\hp\Desktop\Movie\calcpro-FIXED\calcpro-final-build\node_modules\next\dist\compiled\next-server\app-
page.runtime.prod.js:12:64853)

Error occurred prerendering page "/admin/posts". Read more: https://nextjs.org/docs/messages/prerender-error

 ⨯ useSearchParams() should be wrapped in a suspense boundary at page "/search". Read more: 
https://nextjs.org/docs/messages/missing-suspense-with-csr-bailout
    at o (C:\Users\hp\Desktop\Movie\calcpro-FIXED\calcpro-final-build\.next\server\chunks\8750.js:26:11795)
    at c (C:\Users\hp\Desktop\Movie\calcpro-FIXED\calcpro-final-build\.next\server\chunks\8750.js:26:22792)
    at o (C:\Users\hp\Desktop\Movie\calcpro-FIXED\calcpro-final-build\.next\server\chunks\1490.js:1:3864)
    at nj (C:\Users\hp\Desktop\Movie\calcpro-FIXED\calcpro-final-build\node_modules\next\dist\compiled\next-server\app-
page.runtime.prod.js:12:46251)
    at nM (C:\Users\hp\Desktop\Movie\calcpro-FIXED\calcpro-final-build\node_modules\next\dist\compiled\next-server\app-
page.runtime.prod.js:12:47571)
    at nM (C:\Users\hp\Desktop\Movie\calcpro-FIXED\calcpro-final-build\node_modules\next\dist\compiled\next-server\app-
page.runtime.prod.js:12:61546)
    at nN (C:\Users\hp\Desktop\Movie\calcpro-FIXED\calcpro-final-build\node_modules\next\dist\compiled\next-server\app-
page.runtime.prod.js:12:64546)
    at nB (C:\Users\hp\Desktop\Movie\calcpro-FIXED\calcpro-final-build\node_modules\next\dist\compiled\next-server\app-
page.runtime.prod.js:12:67538)
    at nD (C:\Users\hp\Desktop\Movie\calcpro-FIXED\calcpro-final-build\node_modules\next\dist\compiled\next-server\app-
page.runtime.prod.js:12:66680)
    at nN (C:\Users\hp\Desktop\Movie\calcpro-FIXED\calcpro-final-build\node_modules\next\dist\compiled\next-server\app-
page.runtime.prod.js:12:64853)

Error occurred prerendering page "/search". Read more: https://nextjs.org/docs/messages/prerender-error

 ⨯ useSearchParams() should be wrapped in a suspense boundary at page "/terms". Read more: 
https://nextjs.org/docs/messages/missing-suspense-with-csr-bailout
    at o (C:\Users\hp\Desktop\Movie\calcpro-FIXED\calcpro-final-build\.next\server\chunks\8750.js:26:11795)
    at c (C:\Users\hp\Desktop\Movie\calcpro-FIXED\calcpro-final-build\.next\server\chunks\8750.js:26:22792)
    at o (C:\Users\hp\Desktop\Movie\calcpro-FIXED\calcpro-final-build\.next\server\chunks\1490.js:1:3864)
    at nj (C:\Users\hp\Desktop\Movie\calcpro-FIXED\calcpro-final-build\node_modules\next\dist\compiled\next-server\app-
page.runtime.prod.js:12:46251)
    at nM (C:\Users\hp\Desktop\Movie\calcpro-FIXED\calcpro-final-build\node_modules\next\dist\compiled\next-server\app-
page.runtime.prod.js:12:47571)
    at nM (C:\Users\hp\Desktop\Movie\calcpro-FIXED\calcpro-final-build\node_modules\next\dist\compiled\next-server\app-
page.runtime.prod.js:12:61546)
    at nN (C:\Users\hp\Desktop\Movie\calcpro-FIXED\calcpro-final-build\node_modules\next\dist\compiled\next-server\app-
page.runtime.prod.js:12:64546)
    at nB (C:\Users\hp\Desktop\Movie\calcpro-FIXED\calcpro-final-build\node_modules\next\dist\compiled\next-server\app-
page.runtime.prod.js:12:67538)
    at nD (C:\Users\hp\Desktop\Movie\calcpro-FIXED\calcpro-final-build\node_modules\next\dist\compiled\next-server\app-
page.runtime.prod.js:12:66680)
    at nN (C:\Users\hp\Desktop\Movie\calcpro-FIXED\calcpro-final-build\node_modules\next\dist\compiled\next-server\app-
page.runtime.prod.js:12:64853)

Error occurred prerendering page "/terms". Read more: https://nextjs.org/docs/messages/prerender-error

 ⨯ useSearchParams() should be wrapped in a suspense boundary at page "/admin/posts/new". Read more: 
https://nextjs.org/docs/messages/missing-suspense-with-csr-bailout
    at o (C:\Users\hp\Desktop\Movie\calcpro-FIXED\calcpro-final-build\.next\server\chunks\8750.js:26:11795)
    at c (C:\Users\hp\Desktop\Movie\calcpro-FIXED\calcpro-final-build\.next\server\chunks\8750.js:26:22792)
    at o (C:\Users\hp\Desktop\Movie\calcpro-FIXED\calcpro-final-build\.next\server\chunks\1490.js:1:3864)
    at nj (C:\Users\hp\Desktop\Movie\calcpro-FIXED\calcpro-final-build\node_modules\next\dist\compiled\next-server\app-
page.runtime.prod.js:12:46251)
    at nM (C:\Users\hp\Desktop\Movie\calcpro-FIXED\calcpro-final-build\node_modules\next\dist\compiled\next-server\app-
page.runtime.prod.js:12:47571)
    at nM (C:\Users\hp\Desktop\Movie\calcpro-FIXED\calcpro-final-build\node_modules\next\dist\compiled\next-server\app-
page.runtime.prod.js:12:61546)
    at nN (C:\Users\hp\Desktop\Movie\calcpro-FIXED\calcpro-final-build\node_modules\next\dist\compiled\next-server\app-
page.runtime.prod.js:12:64546)
    at nB (C:\Users\hp\Desktop\Movie\calcpro-FIXED\calcpro-final-build\node_modules\next\dist\compiled\next-server\app-
page.runtime.prod.js:12:67538)
    at nD (C:\Users\hp\Desktop\Movie\calcpro-FIXED\calcpro-final-build\node_modules\next\dist\compiled\next-server\app-
page.runtime.prod.js:12:66680)
    at nN (C:\Users\hp\Desktop\Movie\calcpro-FIXED\calcpro-final-build\node_modules\next\dist\compiled\next-server\app-
page.runtime.prod.js:12:64853)

Error occurred prerendering page "/admin/posts/new". Read more: https://nextjs.org/docs/messages/prerender-error

 ⨯ useSearchParams() should be wrapped in a suspense boundary at page "/admin". Read more: 
https://nextjs.org/docs/messages/missing-suspense-with-csr-bailout
    at o (C:\Users\hp\Desktop\Movie\calcpro-FIXED\calcpro-final-build\.next\server\chunks\8750.js:26:11795)
    at c (C:\Users\hp\Desktop\Movie\calcpro-FIXED\calcpro-final-build\.next\server\chunks\8750.js:26:22792)
    at o (C:\Users\hp\Desktop\Movie\calcpro-FIXED\calcpro-final-build\.next\server\chunks\1490.js:1:3864)
    at nj (C:\Users\hp\Desktop\Movie\calcpro-FIXED\calcpro-final-build\node_modules\next\dist\compiled\next-server\app-
page.runtime.prod.js:12:46251)
    at nM (C:\Users\hp\Desktop\Movie\calcpro-FIXED\calcpro-final-build\node_modules\next\dist\compiled\next-server\app-
page.runtime.prod.js:12:47571)
    at nM (C:\Users\hp\Desktop\Movie\calcpro-FIXED\calcpro-final-build\node_modules\next\dist\compiled\next-server\app-
page.runtime.prod.js:12:61546)
    at nN (C:\Users\hp\Desktop\Movie\calcpro-FIXED\calcpro-final-build\node_modules\next\dist\compiled\next-server\app-
page.runtime.prod.js:12:64546)
    at nB (C:\Users\hp\Desktop\Movie\calcpro-FIXED\calcpro-final-build\node_modules\next\dist\compiled\next-server\app-
page.runtime.prod.js:12:67538)
    at nD (C:\Users\hp\Desktop\Movie\calcpro-FIXED\calcpro-final-build\node_modules\next\dist\compiled\next-server\app-
page.runtime.prod.js:12:66680)
    at nN (C:\Users\hp\Desktop\Movie\calcpro-FIXED\calcpro-final-build\node_modules\next\dist\compiled\next-server\app-
page.runtime.prod.js:12:64853)

Error occurred prerendering page "/admin". Read more: https://nextjs.org/docs/messages/prerender-error

   Generating static pages (17/68) 
 ⨯ useSearchParams() should be wrapped in a suspense boundary at page "/calculator/cagr-calculator". Read more: 
https://nextjs.org/docs/messages/missing-suspense-with-csr-bailout
    at o (C:\Users\hp\Desktop\Movie\calcpro-FIXED\calcpro-final-build\.next\server\chunks\8750.js:26:11795)
    at c (C:\Users\hp\Desktop\Movie\calcpro-FIXED\calcpro-final-build\.next\server\chunks\8750.js:26:22792)
    at o (C:\Users\hp\Desktop\Movie\calcpro-FIXED\calcpro-final-build\.next\server\chunks\1490.js:1:3864)
    at nj (C:\Users\hp\Desktop\Movie\calcpro-FIXED\calcpro-final-build\node_modules\next\dist\compiled\next-server\app-
page.runtime.prod.js:12:46251)
    at nM (C:\Users\hp\Desktop\Movie\calcpro-FIXED\calcpro-final-build\node_modules\next\dist\compiled\next-server\app-
page.runtime.prod.js:12:47571)
    at nM (C:\Users\hp\Desktop\Movie\calcpro-FIXED\calcpro-final-build\node_modules\next\dist\compiled\next-server\app-
page.runtime.prod.js:12:61546)
    at nN (C:\Users\hp\Desktop\Movie\calcpro-FIXED\calcpro-final-build\node_modules\next\dist\compiled\next-server\app-
page.runtime.prod.js:12:64546)
    at nB (C:\Users\hp\Desktop\Movie\calcpro-FIXED\calcpro-final-build\node_modules\next\dist\compiled\next-server\app-
page.runtime.prod.js:12:67538)
    at nD (C:\Users\hp\Desktop\Movie\calcpro-FIXED\calcpro-final-build\node_modules\next\dist\compiled\next-server\app-
page.runtime.prod.js:12:66680)
    at nN (C:\Users\hp\Desktop\Movie\calcpro-FIXED\calcpro-final-build\node_modules\next\dist\compiled\next-server\app-
page.runtime.prod.js:12:64853)

Error occurred prerendering page "/calculator/cagr-calculator". Read more: 
https://nextjs.org/docs/messages/prerender-error

 ⨯ useSearchParams() should be wrapped in a suspense boundary at page "/calculator/calorie-calculator". Read more: 
https://nextjs.org/docs/messages/missing-suspense-with-csr-bailout
    at o (C:\Users\hp\Desktop\Movie\calcpro-FIXED\calcpro-final-build\.next\server\chunks\8750.js:26:11795)
    at c (C:\Users\hp\Desktop\Movie\calcpro-FIXED\calcpro-final-build\.next\server\chunks\8750.js:26:22792)
    at o (C:\Users\hp\Desktop\Movie\calcpro-FIXED\calcpro-final-build\.next\server\chunks\1490.js:1:3864)
    at nj (C:\Users\hp\Desktop\Movie\calcpro-FIXED\calcpro-final-build\node_modules\next\dist\compiled\next-server\app-
page.runtime.prod.js:12:46251)
    at nM (C:\Users\hp\Desktop\Movie\calcpro-FIXED\calcpro-final-build\node_modules\next\dist\compiled\next-server\app-
page.runtime.prod.js:12:47571)
    at nM (C:\Users\hp\Desktop\Movie\calcpro-FIXED\calcpro-final-build\node_modules\next\dist\compiled\next-server\app-
page.runtime.prod.js:12:61546)
    at nN (C:\Users\hp\Desktop\Movie\calcpro-FIXED\calcpro-final-build\node_modules\next\dist\compiled\next-server\app-
page.runtime.prod.js:12:64546)
    at nB (C:\Users\hp\Desktop\Movie\calcpro-FIXED\calcpro-final-build\node_modules\next\dist\compiled\next-server\app-
page.runtime.prod.js:12:67538)
    at nD (C:\Users\hp\Desktop\Movie\calcpro-FIXED\calcpro-final-build\node_modules\next\dist\compiled\next-server\app-
page.runtime.prod.js:12:66680)
    at nN (C:\Users\hp\Desktop\Movie\calcpro-FIXED\calcpro-final-build\node_modules\next\dist\compiled\next-server\app-
page.runtime.prod.js:12:64853)

Error occurred prerendering page "/calculator/calorie-calculator". Read more: 
https://nextjs.org/docs/messages/prerender-error

 ⨯ useSearchParams() should be wrapped in a suspense boundary at page "/calculator/attendance". Read more: 
https://nextjs.org/docs/messages/missing-suspense-with-csr-bailout
    at o (C:\Users\hp\Desktop\Movie\calcpro-FIXED\calcpro-final-build\.next\server\chunks\8750.js:26:11795)
    at c (C:\Users\hp\Desktop\Movie\calcpro-FIXED\calcpro-final-build\.next\server\chunks\8750.js:26:22792)
    at o (C:\Users\hp\Desktop\Movie\calcpro-FIXED\calcpro-final-build\.next\server\chunks\1490.js:1:3864)
    at nj (C:\Users\hp\Desktop\Movie\calcpro-FIXED\calcpro-final-build\node_modules\next\dist\compiled\next-server\app-
page.runtime.prod.js:12:46251)
    at nM (C:\Users\hp\Desktop\Movie\calcpro-FIXED\calcpro-final-build\node_modules\next\dist\compiled\next-server\app-
page.runtime.prod.js:12:47571)
    at nM (C:\Users\hp\Desktop\Movie\calcpro-FIXED\calcpro-final-build\node_modules\next\dist\compiled\next-server\app-
page.runtime.prod.js:12:61546)
    at nN (C:\Users\hp\Desktop\Movie\calcpro-FIXED\calcpro-final-build\node_modules\next\dist\compiled\next-server\app-
page.runtime.prod.js:12:64546)
    at nB (C:\Users\hp\Desktop\Movie\calcpro-FIXED\calcpro-final-build\node_modules\next\dist\compiled\next-server\app-
page.runtime.prod.js:12:67538)
    at nD (C:\Users\hp\Desktop\Movie\calcpro-FIXED\calcpro-final-build\node_modules\next\dist\compiled\next-server\app-
page.runtime.prod.js:12:66680)
    at nN (C:\Users\hp\Desktop\Movie\calcpro-FIXED\calcpro-final-build\node_modules\next\dist\compiled\next-server\app-
page.runtime.prod.js:12:64853)

Error occurred prerendering page "/calculator/attendance". Read more: https://nextjs.org/docs/messages/prerender-error

 ⨯ useSearchParams() should be wrapped in a suspense boundary at page "/calculator/body-fat". Read more: 
https://nextjs.org/docs/messages/missing-suspense-with-csr-bailout
    at o (C:\Users\hp\Desktop\Movie\calcpro-FIXED\calcpro-final-build\.next\server\chunks\8750.js:26:11795)
    at c (C:\Users\hp\Desktop\Movie\calcpro-FIXED\calcpro-final-build\.next\server\chunks\8750.js:26:22792)
    at o (C:\Users\hp\Desktop\Movie\calcpro-FIXED\calcpro-final-build\.next\server\chunks\1490.js:1:3864)
    at nj (C:\Users\hp\Desktop\Movie\calcpro-FIXED\calcpro-final-build\node_modules\next\dist\compiled\next-server\app-
page.runtime.prod.js:12:46251)
    at nM (C:\Users\hp\Desktop\Movie\calcpro-FIXED\calcpro-final-build\node_modules\next\dist\compiled\next-server\app-
page.runtime.prod.js:12:47571)
    at nM (C:\Users\hp\Desktop\Movie\calcpro-FIXED\calcpro-final-build\node_modules\next\dist\compiled\next-server\app-
page.runtime.prod.js:12:61546)
    at nN (C:\Users\hp\Desktop\Movie\calcpro-FIXED\calcpro-final-build\node_modules\next\dist\compiled\next-server\app-
page.runtime.prod.js:12:64546)
    at nB (C:\Users\hp\Desktop\Movie\calcpro-FIXED\calcpro-final-build\node_modules\next\dist\compiled\next-server\app-
page.runtime.prod.js:12:67538)
    at nD (C:\Users\hp\Desktop\Movie\calcpro-FIXED\calcpro-final-build\node_modules\next\dist\compiled\next-server\app-
page.runtime.prod.js:12:66680)
    at nN (C:\Users\hp\Desktop\Movie\calcpro-FIXED\calcpro-final-build\node_modules\next\dist\compiled\next-server\app-
page.runtime.prod.js:12:64853)

Error occurred prerendering page "/calculator/body-fat". Read more: https://nextjs.org/docs/messages/prerender-error

 ⨯ useSearchParams() should be wrapped in a suspense boundary at page "/admin/seo-pages". Read more: 
https://nextjs.org/docs/messages/missing-suspense-with-csr-bailout
    at o (C:\Users\hp\Desktop\Movie\calcpro-FIXED\calcpro-final-build\.next\server\chunks\8750.js:26:11795)
    at c (C:\Users\hp\Desktop\Movie\calcpro-FIXED\calcpro-final-build\.next\server\chunks\8750.js:26:22792)
    at o (C:\Users\hp\Desktop\Movie\calcpro-FIXED\calcpro-final-build\.next\server\chunks\1490.js:1:3864)
    at nj (C:\Users\hp\Desktop\Movie\calcpro-FIXED\calcpro-final-build\node_modules\next\dist\compiled\next-server\app-
page.runtime.prod.js:12:46251)
    at nM (C:\Users\hp\Desktop\Movie\calcpro-FIXED\calcpro-final-build\node_modules\next\dist\compiled\next-server\app-
page.runtime.prod.js:12:47571)
    at nM (C:\Users\hp\Desktop\Movie\calcpro-FIXED\calcpro-final-build\node_modules\next\dist\compiled\next-server\app-
page.runtime.prod.js:12:61546)
    at nN (C:\Users\hp\Desktop\Movie\calcpro-FIXED\calcpro-final-build\node_modules\next\dist\compiled\next-server\app-
page.runtime.prod.js:12:64546)
    at nB (C:\Users\hp\Desktop\Movie\calcpro-FIXED\calcpro-final-build\node_modules\next\dist\compiled\next-server\app-
page.runtime.prod.js:12:67538)
    at nD (C:\Users\hp\Desktop\Movie\calcpro-FIXED\calcpro-final-build\node_modules\next\dist\compiled\next-server\app-
page.runtime.prod.js:12:66680)
    at nN (C:\Users\hp\Desktop\Movie\calcpro-FIXED\calcpro-final-build\node_modules\next\dist\compiled\next-server\app-
page.runtime.prod.js:12:64853)

Error occurred prerendering page "/admin/seo-pages". Read more: https://nextjs.org/docs/messages/prerender-error

 ⨯ useSearchParams() should be wrapped in a suspense boundary at page "/calculator/cgpa". Read more: 
https://nextjs.org/docs/messages/missing-suspense-with-csr-bailout
    at o (C:\Users\hp\Desktop\Movie\calcpro-FIXED\calcpro-final-build\.next\server\chunks\8750.js:26:11795)
    at c (C:\Users\hp\Desktop\Movie\calcpro-FIXED\calcpro-final-build\.next\server\chunks\8750.js:26:22792)
    at o (C:\Users\hp\Desktop\Movie\calcpro-FIXED\calcpro-final-build\.next\server\chunks\1490.js:1:3864)
    at nj (C:\Users\hp\Desktop\Movie\calcpro-FIXED\calcpro-final-build\node_modules\next\dist\compiled\next-server\app-
page.runtime.prod.js:12:46251)
    at nM (C:\Users\hp\Desktop\Movie\calcpro-FIXED\calcpro-final-build\node_modules\next\dist\compiled\next-server\app-
page.runtime.prod.js:12:47571)
    at nM (C:\Users\hp\Desktop\Movie\calcpro-FIXED\calcpro-final-build\node_modules\next\dist\compiled\next-server\app-
page.runtime.prod.js:12:61546)
    at nN (C:\Users\hp\Desktop\Movie\calcpro-FIXED\calcpro-final-build\node_modules\next\dist\compiled\next-server\app-
page.runtime.prod.js:12:64546)
    at nB (C:\Users\hp\Desktop\Movie\calcpro-FIXED\calcpro-final-build\node_modules\next\dist\compiled\next-server\app-
page.runtime.prod.js:12:67538)
    at nD (C:\Users\hp\Desktop\Movie\calcpro-FIXED\calcpro-final-build\node_modules\next\dist\compiled\next-server\app-
page.runtime.prod.js:12:66680)
    at nN (C:\Users\hp\Desktop\Movie\calcpro-FIXED\calcpro-final-build\node_modules\next\dist\compiled\next-server\app-
page.runtime.prod.js:12:64853)

Error occurred prerendering page "/calculator/cgpa". Read more: https://nextjs.org/docs/messages/prerender-error

 ⨯ useSearchParams() should be wrapped in a suspense boundary at page "/calculator/concrete-mix". Read more: 
https://nextjs.org/docs/messages/missing-suspense-with-csr-bailout
    at o (C:\Users\hp\Desktop\Movie\calcpro-FIXED\calcpro-final-build\.next\server\chunks\8750.js:26:11795)
    at c (C:\Users\hp\Desktop\Movie\calcpro-FIXED\calcpro-final-build\.next\server\chunks\8750.js:26:22792)
    at o (C:\Users\hp\Desktop\Movie\calcpro-FIXED\calcpro-final-build\.next\server\chunks\1490.js:1:3864)
    at nj (C:\Users\hp\Desktop\Movie\calcpro-FIXED\calcpro-final-build\node_modules\next\dist\compiled\next-server\app-
page.runtime.prod.js:12:46251)
    at nM (C:\Users\hp\Desktop\Movie\calcpro-FIXED\calcpro-final-build\node_modules\next\dist\compiled\next-server\app-
page.runtime.prod.js:12:47571)
    at nM (C:\Users\hp\Desktop\Movie\calcpro-FIXED\calcpro-final-build\node_modules\next\dist\compiled\next-server\app-
page.runtime.prod.js:12:61546)
    at nN (C:\Users\hp\Desktop\Movie\calcpro-FIXED\calcpro-final-build\node_modules\next\dist\compiled\next-server\app-
page.runtime.prod.js:12:64546)
    at nB (C:\Users\hp\Desktop\Movie\calcpro-FIXED\calcpro-final-build\node_modules\next\dist\compiled\next-server\app-
page.runtime.prod.js:12:67538)
    at nD (C:\Users\hp\Desktop\Movie\calcpro-FIXED\calcpro-final-build\node_modules\next\dist\compiled\next-server\app-
page.runtime.prod.js:12:66680)
    at nN (C:\Users\hp\Desktop\Movie\calcpro-FIXED\calcpro-final-build\node_modules\next\dist\compiled\next-server\app-
page.runtime.prod.js:12:64853)

Error occurred prerendering page "/calculator/concrete-mix". Read more: 
https://nextjs.org/docs/messages/prerender-error

 ⨯ useSearchParams() should be wrapped in a suspense boundary at page "/calculator/compound-interest". Read more: 
https://nextjs.org/docs/messages/missing-suspense-with-csr-bailout
    at o (C:\Users\hp\Desktop\Movie\calcpro-FIXED\calcpro-final-build\.next\server\chunks\8750.js:26:11795)
    at c (C:\Users\hp\Desktop\Movie\calcpro-FIXED\calcpro-final-build\.next\server\chunks\8750.js:26:22792)
    at o (C:\Users\hp\Desktop\Movie\calcpro-FIXED\calcpro-final-build\.next\server\chunks\1490.js:1:3864)
    at nj (C:\Users\hp\Desktop\Movie\calcpro-FIXED\calcpro-final-build\node_modules\next\dist\compiled\next-server\app-
page.runtime.prod.js:12:46251)
    at nM (C:\Users\hp\Desktop\Movie\calcpro-FIXED\calcpro-final-build\node_modules\next\dist\compiled\next-server\app-
page.runtime.prod.js:12:47571)
    at nM (C:\Users\hp\Desktop\Movie\calcpro-FIXED\calcpro-final-build\node_modules\next\dist\compiled\next-server\app-
page.runtime.prod.js:12:61546)
    at nN (C:\Users\hp\Desktop\Movie\calcpro-FIXED\calcpro-final-build\node_modules\next\dist\compiled\next-server\app-
page.runtime.prod.js:12:64546)
    at nB (C:\Users\hp\Desktop\Movie\calcpro-FIXED\calcpro-final-build\node_modules\next\dist\compiled\next-server\app-
page.runtime.prod.js:12:67538)
    at nD (C:\Users\hp\Desktop\Movie\calcpro-FIXED\calcpro-final-build\node_modules\next\dist\compiled\next-server\app-
page.runtime.prod.js:12:66680)
    at nN (C:\Users\hp\Desktop\Movie\calcpro-FIXED\calcpro-final-build\node_modules\next\dist\compiled\next-server\app-
page.runtime.prod.js:12:64853)

Error occurred prerendering page "/calculator/compound-interest". Read more: 
https://nextjs.org/docs/messages/prerender-error

 ⨯ useSearchParams() should be wrapped in a suspense boundary at page "/sitemap". Read more: 
https://nextjs.org/docs/messages/missing-suspense-with-csr-bailout
    at o (C:\Users\hp\Desktop\Movie\calcpro-FIXED\calcpro-final-build\.next\server\chunks\8750.js:26:11795)
    at c (C:\Users\hp\Desktop\Movie\calcpro-FIXED\calcpro-final-build\.next\server\chunks\8750.js:26:22792)
    at o (C:\Users\hp\Desktop\Movie\calcpro-FIXED\calcpro-final-build\.next\server\chunks\1490.js:1:3864)
    at nj (C:\Users\hp\Desktop\Movie\calcpro-FIXED\calcpro-final-build\node_modules\next\dist\compiled\next-server\app-
page.runtime.prod.js:12:46251)
    at nM (C:\Users\hp\Desktop\Movie\calcpro-FIXED\calcpro-final-build\node_modules\next\dist\compiled\next-server\app-
page.runtime.prod.js:12:47571)
    at nM (C:\Users\hp\Desktop\Movie\calcpro-FIXED\calcpro-final-build\node_modules\next\dist\compiled\next-server\app-
page.runtime.prod.js:12:61546)
    at nN (C:\Users\hp\Desktop\Movie\calcpro-FIXED\calcpro-final-build\node_modules\next\dist\compiled\next-server\app-
page.runtime.prod.js:12:64546)
    at nB (C:\Users\hp\Desktop\Movie\calcpro-FIXED\calcpro-final-build\node_modules\next\dist\compiled\next-server\app-
page.runtime.prod.js:12:67538)
    at nD (C:\Users\hp\Desktop\Movie\calcpro-FIXED\calcpro-final-build\node_modules\next\dist\compiled\next-server\app-
page.runtime.prod.js:12:66680)
    at nN (C:\Users\hp\Desktop\Movie\calcpro-FIXED\calcpro-final-build\node_modules\next\dist\compiled\next-server\app-
page.runtime.prod.js:12:64853)

Error occurred prerendering page "/sitemap". Read more: https://nextjs.org/docs/messages/prerender-error

 ⨯ useSearchParams() should be wrapped in a suspense boundary at page "/calculator/fraction-calculator". Read more: 
https://nextjs.org/docs/messages/missing-suspense-with-csr-bailout
    at o (C:\Users\hp\Desktop\Movie\calcpro-FIXED\calcpro-final-build\.next\server\chunks\8750.js:26:11795)
    at c (C:\Users\hp\Desktop\Movie\calcpro-FIXED\calcpro-final-build\.next\server\chunks\8750.js:26:22792)
    at o (C:\Users\hp\Desktop\Movie\calcpro-FIXED\calcpro-final-build\.next\server\chunks\1490.js:1:3864)
    at nj (C:\Users\hp\Desktop\Movie\calcpro-FIXED\calcpro-final-build\node_modules\next\dist\compiled\next-server\app-
page.runtime.prod.js:12:46251)
    at nM (C:\Users\hp\Desktop\Movie\calcpro-FIXED\calcpro-final-build\node_modules\next\dist\compiled\next-server\app-
page.runtime.prod.js:12:47571)
    at nM (C:\Users\hp\Desktop\Movie\calcpro-FIXED\calcpro-final-build\node_modules\next\dist\compiled\next-server\app-
page.runtime.prod.js:12:61546)
    at nN (C:\Users\hp\Desktop\Movie\calcpro-FIXED\calcpro-final-build\node_modules\next\dist\compiled\next-server\app-
page.runtime.prod.js:12:64546)
    at nB (C:\Users\hp\Desktop\Movie\calcpro-FIXED\calcpro-final-build\node_modules\next\dist\compiled\next-server\app-
page.runtime.prod.js:12:67538)
    at nD (C:\Users\hp\Desktop\Movie\calcpro-FIXED\calcpro-final-build\node_modules\next\dist\compiled\next-server\app-
page.runtime.prod.js:12:66680)
    at nN (C:\Users\hp\Desktop\Movie\calcpro-FIXED\calcpro-final-build\node_modules\next\dist\compiled\next-server\app-
page.runtime.prod.js:12:64853)

Error occurred prerendering page "/calculator/fraction-calculator". Read more: 
https://nextjs.org/docs/messages/prerender-error

 ⨯ useSearchParams() should be wrapped in a suspense boundary at page "/calculator/gpa". Read more: 
https://nextjs.org/docs/messages/missing-suspense-with-csr-bailout
    at o (C:\Users\hp\Desktop\Movie\calcpro-FIXED\calcpro-final-build\.next\server\chunks\8750.js:26:11795)
    at c (C:\Users\hp\Desktop\Movie\calcpro-FIXED\calcpro-final-build\.next\server\chunks\8750.js:26:22792)
    at o (C:\Users\hp\Desktop\Movie\calcpro-FIXED\calcpro-final-build\.next\server\chunks\1490.js:1:3864)
    at nj (C:\Users\hp\Desktop\Movie\calcpro-FIXED\calcpro-final-build\node_modules\next\dist\compiled\next-server\app-
page.runtime.prod.js:12:46251)
    at nM (C:\Users\hp\Desktop\Movie\calcpro-FIXED\calcpro-final-build\node_modules\next\dist\compiled\next-server\app-
page.runtime.prod.js:12:47571)
    at nM (C:\Users\hp\Desktop\Movie\calcpro-FIXED\calcpro-final-build\node_modules\next\dist\compiled\next-server\app-
page.runtime.prod.js:12:61546)
    at nN (C:\Users\hp\Desktop\Movie\calcpro-FIXED\calcpro-final-build\node_modules\next\dist\compiled\next-server\app-
page.runtime.prod.js:12:64546)
    at nB (C:\Users\hp\Desktop\Movie\calcpro-FIXED\calcpro-final-build\node_modules\next\dist\compiled\next-server\app-
page.runtime.prod.js:12:67538)
    at nD (C:\Users\hp\Desktop\Movie\calcpro-FIXED\calcpro-final-build\node_modules\next\dist\compiled\next-server\app-
page.runtime.prod.js:12:66680)
    at nN (C:\Users\hp\Desktop\Movie\calcpro-FIXED\calcpro-final-build\node_modules\next\dist\compiled\next-server\app-
page.runtime.prod.js:12:64853)

Error occurred prerendering page "/calculator/gpa". Read more: https://nextjs.org/docs/messages/prerender-error

 ⨯ useSearchParams() should be wrapped in a suspense boundary at page "/calculator/age-calculator". Read more: 
https://nextjs.org/docs/messages/missing-suspense-with-csr-bailout
    at o (C:\Users\hp\Desktop\Movie\calcpro-FIXED\calcpro-final-build\.next\server\chunks\8750.js:26:11795)
    at c (C:\Users\hp\Desktop\Movie\calcpro-FIXED\calcpro-final-build\.next\server\chunks\8750.js:26:22792)
    at o (C:\Users\hp\Desktop\Movie\calcpro-FIXED\calcpro-final-build\.next\server\chunks\1490.js:1:3864)
    at nj (C:\Users\hp\Desktop\Movie\calcpro-FIXED\calcpro-final-build\node_modules\next\dist\compiled\next-server\app-
page.runtime.prod.js:12:46251)
    at nM (C:\Users\hp\Desktop\Movie\calcpro-FIXED\calcpro-final-build\node_modules\next\dist\compiled\next-server\app-
page.runtime.prod.js:12:47571)
    at nM (C:\Users\hp\Desktop\Movie\calcpro-FIXED\calcpro-final-build\node_modules\next\dist\compiled\next-server\app-
page.runtime.prod.js:12:61546)
    at nN (C:\Users\hp\Desktop\Movie\calcpro-FIXED\calcpro-final-build\node_modules\next\dist\compiled\next-server\app-
page.runtime.prod.js:12:64546)
    at nB (C:\Users\hp\Desktop\Movie\calcpro-FIXED\calcpro-final-build\node_modules\next\dist\compiled\next-server\app-
page.runtime.prod.js:12:67538)
    at nD (C:\Users\hp\Desktop\Movie\calcpro-FIXED\calcpro-final-build\node_modules\next\dist\compiled\next-server\app-
page.runtime.prod.js:12:66680)
    at nN (C:\Users\hp\Desktop\Movie\calcpro-FIXED\calcpro-final-build\node_modules\next\dist\compiled\next-server\app-
page.runtime.prod.js:12:64853)

Error occurred prerendering page "/calculator/age-calculator". Read more: 
https://nextjs.org/docs/messages/prerender-error

 ⨯ useSearchParams() should be wrapped in a suspense boundary at page "/calculator/marks-needed". Read more: 
https://nextjs.org/docs/messages/missing-suspense-with-csr-bailout
    at o (C:\Users\hp\Desktop\Movie\calcpro-FIXED\calcpro-final-build\.next\server\chunks\8750.js:26:11795)
    at c (C:\Users\hp\Desktop\Movie\calcpro-FIXED\calcpro-final-build\.next\server\chunks\8750.js:26:22792)
    at o (C:\Users\hp\Desktop\Movie\calcpro-FIXED\calcpro-final-build\.next\server\chunks\1490.js:1:3864)
    at nj (C:\Users\hp\Desktop\Movie\calcpro-FIXED\calcpro-final-build\node_modules\next\dist\compiled\next-server\app-
page.runtime.prod.js:12:46251)
    at nM (C:\Users\hp\Desktop\Movie\calcpro-FIXED\calcpro-final-build\node_modules\next\dist\compiled\next-server\app-
page.runtime.prod.js:12:47571)
    at nM (C:\Users\hp\Desktop\Movie\calcpro-FIXED\calcpro-final-build\node_modules\next\dist\compiled\next-server\app-
page.runtime.prod.js:12:61546)
    at nN (C:\Users\hp\Desktop\Movie\calcpro-FIXED\calcpro-final-build\node_modules\next\dist\compiled\next-server\app-
page.runtime.prod.js:12:64546)
    at nB (C:\Users\hp\Desktop\Movie\calcpro-FIXED\calcpro-final-build\node_modules\next\dist\compiled\next-server\app-
page.runtime.prod.js:12:67538)
    at nD (C:\Users\hp\Desktop\Movie\calcpro-FIXED\calcpro-final-build\node_modules\next\dist\compiled\next-server\app-
page.runtime.prod.js:12:66680)
    at nN (C:\Users\hp\Desktop\Movie\calcpro-FIXED\calcpro-final-build\node_modules\next\dist\compiled\next-server\app-
page.runtime.prod.js:12:64853)

Error occurred prerendering page "/calculator/marks-needed". Read more: 
https://nextjs.org/docs/messages/prerender-error

 ⨯ useSearchParams() should be wrapped in a suspense boundary at page "/calculator/ideal-weight". Read more: 
https://nextjs.org/docs/messages/missing-suspense-with-csr-bailout
    at o (C:\Users\hp\Desktop\Movie\calcpro-FIXED\calcpro-final-build\.next\server\chunks\8750.js:26:11795)
    at c (C:\Users\hp\Desktop\Movie\calcpro-FIXED\calcpro-final-build\.next\server\chunks\8750.js:26:22792)
    at o (C:\Users\hp\Desktop\Movie\calcpro-FIXED\calcpro-final-build\.next\server\chunks\1490.js:1:3864)
    at nj (C:\Users\hp\Desktop\Movie\calcpro-FIXED\calcpro-final-build\node_modules\next\dist\compiled\next-server\app-
page.runtime.prod.js:12:46251)
    at nM (C:\Users\hp\Desktop\Movie\calcpro-FIXED\calcpro-final-build\node_modules\next\dist\compiled\next-server\app-
page.runtime.prod.js:12:47571)
    at nM (C:\Users\hp\Desktop\Movie\calcpro-FIXED\calcpro-final-build\node_modules\next\dist\compiled\next-server\app-
page.runtime.prod.js:12:61546)
    at nN (C:\Users\hp\Desktop\Movie\calcpro-FIXED\calcpro-final-build\node_modules\next\dist\compiled\next-server\app-
page.runtime.prod.js:12:64546)
    at nB (C:\Users\hp\Desktop\Movie\calcpro-FIXED\calcpro-final-build\node_modules\next\dist\compiled\next-server\app-
page.runtime.prod.js:12:67538)
    at nD (C:\Users\hp\Desktop\Movie\calcpro-FIXED\calcpro-final-build\node_modules\next\dist\compiled\next-server\app-
page.runtime.prod.js:12:66680)
    at nN (C:\Users\hp\Desktop\Movie\calcpro-FIXED\calcpro-final-build\node_modules\next\dist\compiled\next-server\app-
page.runtime.prod.js:12:64853)

Error occurred prerendering page "/calculator/ideal-weight". Read more: 
https://nextjs.org/docs/messages/prerender-error

 ⨯ useSearchParams() should be wrapped in a suspense boundary at page "/about". Read more: 
https://nextjs.org/docs/messages/missing-suspense-with-csr-bailout
    at o (C:\Users\hp\Desktop\Movie\calcpro-FIXED\calcpro-final-build\.next\server\chunks\8750.js:26:11795)
    at c (C:\Users\hp\Desktop\Movie\calcpro-FIXED\calcpro-final-build\.next\server\chunks\8750.js:26:22792)
    at o (C:\Users\hp\Desktop\Movie\calcpro-FIXED\calcpro-final-build\.next\server\chunks\1490.js:1:3864)
    at nj (C:\Users\hp\Desktop\Movie\calcpro-FIXED\calcpro-final-build\node_modules\next\dist\compiled\next-server\app-
page.runtime.prod.js:12:46251)
    at nM (C:\Users\hp\Desktop\Movie\calcpro-FIXED\calcpro-final-build\node_modules\next\dist\compiled\next-server\app-
page.runtime.prod.js:12:47571)
    at nM (C:\Users\hp\Desktop\Movie\calcpro-FIXED\calcpro-final-build\node_modules\next\dist\compiled\next-server\app-
page.runtime.prod.js:12:61546)
    at nN (C:\Users\hp\Desktop\Movie\calcpro-FIXED\calcpro-final-build\node_modules\next\dist\compiled\next-server\app-
page.runtime.prod.js:12:64546)
    at nB (C:\Users\hp\Desktop\Movie\calcpro-FIXED\calcpro-final-build\node_modules\next\dist\compiled\next-server\app-
page.runtime.prod.js:12:67538)
    at nD (C:\Users\hp\Desktop\Movie\calcpro-FIXED\calcpro-final-build\node_modules\next\dist\compiled\next-server\app-
page.runtime.prod.js:12:66680)
    at nN (C:\Users\hp\Desktop\Movie\calcpro-FIXED\calcpro-final-build\node_modules\next\dist\compiled\next-server\app-
page.runtime.prod.js:12:64853)

Error occurred prerendering page "/about". Read more: https://nextjs.org/docs/messages/prerender-error

   Generating static pages (34/68) 
 ⨯ useSearchParams() should be wrapped in a suspense boundary at page "/calculator/nepal-provident-fund". Read more: 
https://nextjs.org/docs/messages/missing-suspense-with-csr-bailout
    at o (C:\Users\hp\Desktop\Movie\calcpro-FIXED\calcpro-final-build\.next\server\chunks\8750.js:26:11795)
    at c (C:\Users\hp\Desktop\Movie\calcpro-FIXED\calcpro-final-build\.next\server\chunks\8750.js:26:22792)
    at o (C:\Users\hp\Desktop\Movie\calcpro-FIXED\calcpro-final-build\.next\server\chunks\1490.js:1:3864)
    at nj (C:\Users\hp\Desktop\Movie\calcpro-FIXED\calcpro-final-build\node_modules\next\dist\compiled\next-server\app-
page.runtime.prod.js:12:46251)
    at nM (C:\Users\hp\Desktop\Movie\calcpro-FIXED\calcpro-final-build\node_modules\next\dist\compiled\next-server\app-
page.runtime.prod.js:12:47571)
    at nM (C:\Users\hp\Desktop\Movie\calcpro-FIXED\calcpro-final-build\node_modules\next\dist\compiled\next-server\app-
page.runtime.prod.js:12:61546)
    at nN (C:\Users\hp\Desktop\Movie\calcpro-FIXED\calcpro-final-build\node_modules\next\dist\compiled\next-server\app-
page.runtime.prod.js:12:64546)
    at nB (C:\Users\hp\Desktop\Movie\calcpro-FIXED\calcpro-final-build\node_modules\next\dist\compiled\next-server\app-
page.runtime.prod.js:12:67538)
    at nD (C:\Users\hp\Desktop\Movie\calcpro-FIXED\calcpro-final-build\node_modules\next\dist\compiled\next-server\app-
page.runtime.prod.js:12:66680)
    at nN (C:\Users\hp\Desktop\Movie\calcpro-FIXED\calcpro-final-build\node_modules\next\dist\compiled\next-server\app-
page.runtime.prod.js:12:64853)

Error occurred prerendering page "/calculator/nepal-provident-fund". Read more: 
https://nextjs.org/docs/messages/prerender-error

 ⨯ useSearchParams() should be wrapped in a suspense boundary at page "/calculator/fd-calculator". Read more: 
https://nextjs.org/docs/messages/missing-suspense-with-csr-bailout
    at o (C:\Users\hp\Desktop\Movie\calcpro-FIXED\calcpro-final-build\.next\server\chunks\8750.js:26:11795)
    at c (C:\Users\hp\Desktop\Movie\calcpro-FIXED\calcpro-final-build\.next\server\chunks\8750.js:26:22792)
    at o (C:\Users\hp\Desktop\Movie\calcpro-FIXED\calcpro-final-build\.next\server\chunks\1490.js:1:3864)
    at nj (C:\Users\hp\Desktop\Movie\calcpro-FIXED\calcpro-final-build\node_modules\next\dist\compiled\next-server\app-
page.runtime.prod.js:12:46251)
    at nM (C:\Users\hp\Desktop\Movie\calcpro-FIXED\calcpro-final-build\node_modules\next\dist\compiled\next-server\app-
page.runtime.prod.js:12:47571)
    at nM (C:\Users\hp\Desktop\Movie\calcpro-FIXED\calcpro-final-build\node_modules\next\dist\compiled\next-server\app-
page.runtime.prod.js:12:61546)
    at nN (C:\Users\hp\Desktop\Movie\calcpro-FIXED\calcpro-final-build\node_modules\next\dist\compiled\next-server\app-
page.runtime.prod.js:12:64546)
    at nB (C:\Users\hp\Desktop\Movie\calcpro-FIXED\calcpro-final-build\node_modules\next\dist\compiled\next-server\app-
page.runtime.prod.js:12:67538)
    at nD (C:\Users\hp\Desktop\Movie\calcpro-FIXED\calcpro-final-build\node_modules\next\dist\compiled\next-server\app-
page.runtime.prod.js:12:66680)
    at nN (C:\Users\hp\Desktop\Movie\calcpro-FIXED\calcpro-final-build\node_modules\next\dist\compiled\next-server\app-
page.runtime.prod.js:12:64853)

Error occurred prerendering page "/calculator/fd-calculator". Read more: 
https://nextjs.org/docs/messages/prerender-error

 ⨯ useSearchParams() should be wrapped in a suspense boundary at page "/calculator/logarithm-calculator". Read more: 
https://nextjs.org/docs/messages/missing-suspense-with-csr-bailout
    at o (C:\Users\hp\Desktop\Movie\calcpro-FIXED\calcpro-final-build\.next\server\chunks\8750.js:26:11795)
    at c (C:\Users\hp\Desktop\Movie\calcpro-FIXED\calcpro-final-build\.next\server\chunks\8750.js:26:22792)
    at o (C:\Users\hp\Desktop\Movie\calcpro-FIXED\calcpro-final-build\.next\server\chunks\1490.js:1:3864)
    at nj (C:\Users\hp\Desktop\Movie\calcpro-FIXED\calcpro-final-build\node_modules\next\dist\compiled\next-server\app-
page.runtime.prod.js:12:46251)
    at nM (C:\Users\hp\Desktop\Movie\calcpro-FIXED\calcpro-final-build\node_modules\next\dist\compiled\next-server\app-
page.runtime.prod.js:12:47571)
    at nM (C:\Users\hp\Desktop\Movie\calcpro-FIXED\calcpro-final-build\node_modules\next\dist\compiled\next-server\app-
page.runtime.prod.js:12:61546)
    at nN (C:\Users\hp\Desktop\Movie\calcpro-FIXED\calcpro-final-build\node_modules\next\dist\compiled\next-server\app-
page.runtime.prod.js:12:64546)
    at nB (C:\Users\hp\Desktop\Movie\calcpro-FIXED\calcpro-final-build\node_modules\next\dist\compiled\next-server\app-
page.runtime.prod.js:12:67538)
    at nD (C:\Users\hp\Desktop\Movie\calcpro-FIXED\calcpro-final-build\node_modules\next\dist\compiled\next-server\app-
page.runtime.prod.js:12:66680)
    at nN (C:\Users\hp\Desktop\Movie\calcpro-FIXED\calcpro-final-build\node_modules\next\dist\compiled\next-server\app-
page.runtime.prod.js:12:64853)

Error occurred prerendering page "/calculator/logarithm-calculator". Read more: 
https://nextjs.org/docs/messages/prerender-error

 ⨯ useSearchParams() should be wrapped in a suspense boundary at page "/calculator/discount-calculator". Read more: 
https://nextjs.org/docs/messages/missing-suspense-with-csr-bailout
    at o (C:\Users\hp\Desktop\Movie\calcpro-FIXED\calcpro-final-build\.next\server\chunks\8750.js:26:11795)
    at c (C:\Users\hp\Desktop\Movie\calcpro-FIXED\calcpro-final-build\.next\server\chunks\8750.js:26:22792)
    at o (C:\Users\hp\Desktop\Movie\calcpro-FIXED\calcpro-final-build\.next\server\chunks\1490.js:1:3864)
    at nj (C:\Users\hp\Desktop\Movie\calcpro-FIXED\calcpro-final-build\node_modules\next\dist\compiled\next-server\app-
page.runtime.prod.js:12:46251)
    at nM (C:\Users\hp\Desktop\Movie\calcpro-FIXED\calcpro-final-build\node_modules\next\dist\compiled\next-server\app-
page.runtime.prod.js:12:47571)
    at nM (C:\Users\hp\Desktop\Movie\calcpro-FIXED\calcpro-final-build\node_modules\next\dist\compiled\next-server\app-
page.runtime.prod.js:12:61546)
    at nN (C:\Users\hp\Desktop\Movie\calcpro-FIXED\calcpro-final-build\node_modules\next\dist\compiled\next-server\app-
page.runtime.prod.js:12:64546)
    at nB (C:\Users\hp\Desktop\Movie\calcpro-FIXED\calcpro-final-build\node_modules\next\dist\compiled\next-server\app-
page.runtime.prod.js:12:67538)
    at nD (C:\Users\hp\Desktop\Movie\calcpro-FIXED\calcpro-final-build\node_modules\next\dist\compiled\next-server\app-
page.runtime.prod.js:12:66680)
    at nN (C:\Users\hp\Desktop\Movie\calcpro-FIXED\calcpro-final-build\node_modules\next\dist\compiled\next-server\app-
page.runtime.prod.js:12:64853)

Error occurred prerendering page "/calculator/discount-calculator". Read more: 
https://nextjs.org/docs/messages/prerender-error

 ⨯ useSearchParams() should be wrapped in a suspense boundary at page "/calculator/nepal-income-tax". Read more: 
https://nextjs.org/docs/messages/missing-suspense-with-csr-bailout
    at o (C:\Users\hp\Desktop\Movie\calcpro-FIXED\calcpro-final-build\.next\server\chunks\8750.js:26:11795)
    at c (C:\Users\hp\Desktop\Movie\calcpro-FIXED\calcpro-final-build\.next\server\chunks\8750.js:26:22792)
    at o (C:\Users\hp\Desktop\Movie\calcpro-FIXED\calcpro-final-build\.next\server\chunks\1490.js:1:3864)
    at nj (C:\Users\hp\Desktop\Movie\calcpro-FIXED\calcpro-final-build\node_modules\next\dist\compiled\next-server\app-
page.runtime.prod.js:12:46251)
    at nM (C:\Users\hp\Desktop\Movie\calcpro-FIXED\calcpro-final-build\node_modules\next\dist\compiled\next-server\app-
page.runtime.prod.js:12:47571)
    at nM (C:\Users\hp\Desktop\Movie\calcpro-FIXED\calcpro-final-build\node_modules\next\dist\compiled\next-server\app-
page.runtime.prod.js:12:61546)
    at nN (C:\Users\hp\Desktop\Movie\calcpro-FIXED\calcpro-final-build\node_modules\next\dist\compiled\next-server\app-
page.runtime.prod.js:12:64546)
    at nB (C:\Users\hp\Desktop\Movie\calcpro-FIXED\calcpro-final-build\node_modules\next\dist\compiled\next-server\app-
page.runtime.prod.js:12:67538)
    at nD (C:\Users\hp\Desktop\Movie\calcpro-FIXED\calcpro-final-build\node_modules\next\dist\compiled\next-server\app-
page.runtime.prod.js:12:66680)
    at nN (C:\Users\hp\Desktop\Movie\calcpro-FIXED\calcpro-final-build\node_modules\next\dist\compiled\next-server\app-
page.runtime.prod.js:12:64853)

Error occurred prerendering page "/calculator/nepal-income-tax". Read more: 
https://nextjs.org/docs/messages/prerender-error

 ⨯ useSearchParams() should be wrapped in a suspense boundary at page "/calculator/nepal-tax-calculator". Read more: 
https://nextjs.org/docs/messages/missing-suspense-with-csr-bailout
    at o (C:\Users\hp\Desktop\Movie\calcpro-FIXED\calcpro-final-build\.next\server\chunks\8750.js:26:11795)
    at c (C:\Users\hp\Desktop\Movie\calcpro-FIXED\calcpro-final-build\.next\server\chunks\8750.js:26:22792)
    at o (C:\Users\hp\Desktop\Movie\calcpro-FIXED\calcpro-final-build\.next\server\chunks\1490.js:1:3864)
    at nj (C:\Users\hp\Desktop\Movie\calcpro-FIXED\calcpro-final-build\node_modules\next\dist\compiled\next-server\app-
page.runtime.prod.js:12:46251)
    at nM (C:\Users\hp\Desktop\Movie\calcpro-FIXED\calcpro-final-build\node_modules\next\dist\compiled\next-server\app-
page.runtime.prod.js:12:47571)
    at nM (C:\Users\hp\Desktop\Movie\calcpro-FIXED\calcpro-final-build\node_modules\next\dist\compiled\next-server\app-
page.runtime.prod.js:12:61546)
    at nN (C:\Users\hp\Desktop\Movie\calcpro-FIXED\calcpro-final-build\node_modules\next\dist\compiled\next-server\app-
page.runtime.prod.js:12:64546)
    at nB (C:\Users\hp\Desktop\Movie\calcpro-FIXED\calcpro-final-build\node_modules\next\dist\compiled\next-server\app-
page.runtime.prod.js:12:67538)
    at nD (C:\Users\hp\Desktop\Movie\calcpro-FIXED\calcpro-final-build\node_modules\next\dist\compiled\next-server\app-
page.runtime.prod.js:12:66680)
    at nN (C:\Users\hp\Desktop\Movie\calcpro-FIXED\calcpro-final-build\node_modules\next\dist\compiled\next-server\app-
page.runtime.prod.js:12:64853)

Error occurred prerendering page "/calculator/nepal-tax-calculator". Read more: 
https://nextjs.org/docs/messages/prerender-error

 ⨯ useSearchParams() should be wrapped in a suspense boundary at page "/calculator/nepali-date". Read more: 
https://nextjs.org/docs/messages/missing-suspense-with-csr-bailout
    at o (C:\Users\hp\Desktop\Movie\calcpro-FIXED\calcpro-final-build\.next\server\chunks\8750.js:26:11795)
    at c (C:\Users\hp\Desktop\Movie\calcpro-FIXED\calcpro-final-build\.next\server\chunks\8750.js:26:22792)
    at o (C:\Users\hp\Desktop\Movie\calcpro-FIXED\calcpro-final-build\.next\server\chunks\1490.js:1:3864)
    at nj (C:\Users\hp\Desktop\Movie\calcpro-FIXED\calcpro-final-build\node_modules\next\dist\compiled\next-server\app-
page.runtime.prod.js:12:46251)
    at nM (C:\Users\hp\Desktop\Movie\calcpro-FIXED\calcpro-final-build\node_modules\next\dist\compiled\next-server\app-
page.runtime.prod.js:12:47571)
    at nM (C:\Users\hp\Desktop\Movie\calcpro-FIXED\calcpro-final-build\node_modules\next\dist\compiled\next-server\app-
page.runtime.prod.js:12:61546)
    at nN (C:\Users\hp\Desktop\Movie\calcpro-FIXED\calcpro-final-build\node_modules\next\dist\compiled\next-server\app-
page.runtime.prod.js:12:64546)
    at nB (C:\Users\hp\Desktop\Movie\calcpro-FIXED\calcpro-final-build\node_modules\next\dist\compiled\next-server\app-
page.runtime.prod.js:12:67538)
    at nD (C:\Users\hp\Desktop\Movie\calcpro-FIXED\calcpro-final-build\node_modules\next\dist\compiled\next-server\app-
page.runtime.prod.js:12:66680)
    at nN (C:\Users\hp\Desktop\Movie\calcpro-FIXED\calcpro-final-build\node_modules\next\dist\compiled\next-server\app-
page.runtime.prod.js:12:64853)

Error occurred prerendering page "/calculator/nepali-date". Read more: https://nextjs.org/docs/messages/prerender-error

 ⨯ useSearchParams() should be wrapped in a suspense boundary at page "/calculator/nepal-home-loan". Read more: 
https://nextjs.org/docs/messages/missing-suspense-with-csr-bailout
    at o (C:\Users\hp\Desktop\Movie\calcpro-FIXED\calcpro-final-build\.next\server\chunks\8750.js:26:11795)
    at c (C:\Users\hp\Desktop\Movie\calcpro-FIXED\calcpro-final-build\.next\server\chunks\8750.js:26:22792)
    at o (C:\Users\hp\Desktop\Movie\calcpro-FIXED\calcpro-final-build\.next\server\chunks\1490.js:1:3864)
    at nj (C:\Users\hp\Desktop\Movie\calcpro-FIXED\calcpro-final-build\node_modules\next\dist\compiled\next-server\app-
page.runtime.prod.js:12:46251)
    at nM (C:\Users\hp\Desktop\Movie\calcpro-FIXED\calcpro-final-build\node_modules\next\dist\compiled\next-server\app-
page.runtime.prod.js:12:47571)
    at nM (C:\Users\hp\Desktop\Movie\calcpro-FIXED\calcpro-final-build\node_modules\next\dist\compiled\next-server\app-
page.runtime.prod.js:12:61546)
    at nN (C:\Users\hp\Desktop\Movie\calcpro-FIXED\calcpro-final-build\node_modules\next\dist\compiled\next-server\app-
page.runtime.prod.js:12:64546)
    at nB (C:\Users\hp\Desktop\Movie\calcpro-FIXED\calcpro-final-build\node_modules\next\dist\compiled\next-server\app-
page.runtime.prod.js:12:67538)
    at nD (C:\Users\hp\Desktop\Movie\calcpro-FIXED\calcpro-final-build\node_modules\next\dist\compiled\next-server\app-
page.runtime.prod.js:12:66680)
    at nN (C:\Users\hp\Desktop\Movie\calcpro-FIXED\calcpro-final-build\node_modules\next\dist\compiled\next-server\app-
page.runtime.prod.js:12:64853)

Error occurred prerendering page "/calculator/nepal-home-loan". Read more: 
https://nextjs.org/docs/messages/prerender-error

 ⨯ useSearchParams() should be wrapped in a suspense boundary at page "/calculator/pregnancy-due-date". Read more: 
https://nextjs.org/docs/messages/missing-suspense-with-csr-bailout
    at o (C:\Users\hp\Desktop\Movie\calcpro-FIXED\calcpro-final-build\.next\server\chunks\8750.js:26:11795)
    at c (C:\Users\hp\Desktop\Movie\calcpro-FIXED\calcpro-final-build\.next\server\chunks\8750.js:26:22792)
    at o (C:\Users\hp\Desktop\Movie\calcpro-FIXED\calcpro-final-build\.next\server\chunks\1490.js:1:3864)
    at nj (C:\Users\hp\Desktop\Movie\calcpro-FIXED\calcpro-final-build\node_modules\next\dist\compiled\next-server\app-
page.runtime.prod.js:12:46251)
    at nM (C:\Users\hp\Desktop\Movie\calcpro-FIXED\calcpro-final-build\node_modules\next\dist\compiled\next-server\app-
page.runtime.prod.js:12:47571)
    at nM (C:\Users\hp\Desktop\Movie\calcpro-FIXED\calcpro-final-build\node_modules\next\dist\compiled\next-server\app-
page.runtime.prod.js:12:61546)
    at nN (C:\Users\hp\Desktop\Movie\calcpro-FIXED\calcpro-final-build\node_modules\next\dist\compiled\next-server\app-
page.runtime.prod.js:12:64546)
    at nB (C:\Users\hp\Desktop\Movie\calcpro-FIXED\calcpro-final-build\node_modules\next\dist\compiled\next-server\app-
page.runtime.prod.js:12:67538)
    at nD (C:\Users\hp\Desktop\Movie\calcpro-FIXED\calcpro-final-build\node_modules\next\dist\compiled\next-server\app-
page.runtime.prod.js:12:66680)
    at nN (C:\Users\hp\Desktop\Movie\calcpro-FIXED\calcpro-final-build\node_modules\next\dist\compiled\next-server\app-
page.runtime.prod.js:12:64853)

Error occurred prerendering page "/calculator/pregnancy-due-date". Read more: 
https://nextjs.org/docs/messages/prerender-error

 ⨯ useSearchParams() should be wrapped in a suspense boundary at page "/calculator/number-to-words". Read more: 
https://nextjs.org/docs/messages/missing-suspense-with-csr-bailout
    at o (C:\Users\hp\Desktop\Movie\calcpro-FIXED\calcpro-final-build\.next\server\chunks\8750.js:26:11795)
    at c (C:\Users\hp\Desktop\Movie\calcpro-FIXED\calcpro-final-build\.next\server\chunks\8750.js:26:22792)
    at o (C:\Users\hp\Desktop\Movie\calcpro-FIXED\calcpro-final-build\.next\server\chunks\1490.js:1:3864)
    at nj (C:\Users\hp\Desktop\Movie\calcpro-FIXED\calcpro-final-build\node_modules\next\dist\compiled\next-server\app-
page.runtime.prod.js:12:46251)
    at nM (C:\Users\hp\Desktop\Movie\calcpro-FIXED\calcpro-final-build\node_modules\next\dist\compiled\next-server\app-
page.runtime.prod.js:12:47571)
    at nM (C:\Users\hp\Desktop\Movie\calcpro-FIXED\calcpro-final-build\node_modules\next\dist\compiled\next-server\app-
page.runtime.prod.js:12:61546)
    at nN (C:\Users\hp\Desktop\Movie\calcpro-FIXED\calcpro-final-build\node_modules\next\dist\compiled\next-server\app-
page.runtime.prod.js:12:64546)
    at nB (C:\Users\hp\Desktop\Movie\calcpro-FIXED\calcpro-final-build\node_modules\next\dist\compiled\next-server\app-
page.runtime.prod.js:12:67538)
    at nD (C:\Users\hp\Desktop\Movie\calcpro-FIXED\calcpro-final-build\node_modules\next\dist\compiled\next-server\app-
page.runtime.prod.js:12:66680)
    at nN (C:\Users\hp\Desktop\Movie\calcpro-FIXED\calcpro-final-build\node_modules\next\dist\compiled\next-server\app-
page.runtime.prod.js:12:64853)

Error occurred prerendering page "/calculator/number-to-words". Read more: 
https://nextjs.org/docs/messages/prerender-error

 ⨯ useSearchParams() should be wrapped in a suspense boundary at page "/calculator". Read more: 
https://nextjs.org/docs/messages/missing-suspense-with-csr-bailout
    at o (C:\Users\hp\Desktop\Movie\calcpro-FIXED\calcpro-final-build\.next\server\chunks\8750.js:26:11795)
    at c (C:\Users\hp\Desktop\Movie\calcpro-FIXED\calcpro-final-build\.next\server\chunks\8750.js:26:22792)
    at o (C:\Users\hp\Desktop\Movie\calcpro-FIXED\calcpro-final-build\.next\server\chunks\1490.js:1:3864)
    at nj (C:\Users\hp\Desktop\Movie\calcpro-FIXED\calcpro-final-build\node_modules\next\dist\compiled\next-server\app-
page.runtime.prod.js:12:46251)
    at nM (C:\Users\hp\Desktop\Movie\calcpro-FIXED\calcpro-final-build\node_modules\next\dist\compiled\next-server\app-
page.runtime.prod.js:12:47571)
    at nM (C:\Users\hp\Desktop\Movie\calcpro-FIXED\calcpro-final-build\node_modules\next\dist\compiled\next-server\app-
page.runtime.prod.js:12:61546)
    at nN (C:\Users\hp\Desktop\Movie\calcpro-FIXED\calcpro-final-build\node_modules\next\dist\compiled\next-server\app-
page.runtime.prod.js:12:64546)
    at nB (C:\Users\hp\Desktop\Movie\calcpro-FIXED\calcpro-final-build\node_modules\next\dist\compiled\next-server\app-
page.runtime.prod.js:12:67538)
    at nD (C:\Users\hp\Desktop\Movie\calcpro-FIXED\calcpro-final-build\node_modules\next\dist\compiled\next-server\app-
page.runtime.prod.js:12:66680)
    at nN (C:\Users\hp\Desktop\Movie\calcpro-FIXED\calcpro-final-build\node_modules\next\dist\compiled\next-server\app-
page.runtime.prod.js:12:64853)

Error occurred prerendering page "/calculator". Read more: https://nextjs.org/docs/messages/prerender-error

 ⨯ useSearchParams() should be wrapped in a suspense boundary at page "/admin/login". Read more: 
https://nextjs.org/docs/messages/missing-suspense-with-csr-bailout
    at o (C:\Users\hp\Desktop\Movie\calcpro-FIXED\calcpro-final-build\.next\server\chunks\8750.js:26:11795)
    at c (C:\Users\hp\Desktop\Movie\calcpro-FIXED\calcpro-final-build\.next\server\chunks\8750.js:26:22792)
    at o (C:\Users\hp\Desktop\Movie\calcpro-FIXED\calcpro-final-build\.next\server\chunks\1490.js:1:3864)
    at nj (C:\Users\hp\Desktop\Movie\calcpro-FIXED\calcpro-final-build\node_modules\next\dist\compiled\next-server\app-
page.runtime.prod.js:12:46251)
    at nM (C:\Users\hp\Desktop\Movie\calcpro-FIXED\calcpro-final-build\node_modules\next\dist\compiled\next-server\app-
page.runtime.prod.js:12:47571)
    at nM (C:\Users\hp\Desktop\Movie\calcpro-FIXED\calcpro-final-build\node_modules\next\dist\compiled\next-server\app-
page.runtime.prod.js:12:61546)
    at nN (C:\Users\hp\Desktop\Movie\calcpro-FIXED\calcpro-final-build\node_modules\next\dist\compiled\next-server\app-
page.runtime.prod.js:12:64546)
    at nB (C:\Users\hp\Desktop\Movie\calcpro-FIXED\calcpro-final-build\node_modules\next\dist\compiled\next-server\app-
page.runtime.prod.js:12:67538)
    at nD (C:\Users\hp\Desktop\Movie\calcpro-FIXED\calcpro-final-build\node_modules\next\dist\compiled\next-server\app-
page.runtime.prod.js:12:66680)
    at nN (C:\Users\hp\Desktop\Movie\calcpro-FIXED\calcpro-final-build\node_modules\next\dist\compiled\next-server\app-
page.runtime.prod.js:12:64853)

Error occurred prerendering page "/admin/login". Read more: https://nextjs.org/docs/messages/prerender-error

 ⨯ useSearchParams() should be wrapped in a suspense boundary at page "/blog". Read more: 
https://nextjs.org/docs/messages/missing-suspense-with-csr-bailout
    at o (C:\Users\hp\Desktop\Movie\calcpro-FIXED\calcpro-final-build\.next\server\chunks\8750.js:26:11795)
    at c (C:\Users\hp\Desktop\Movie\calcpro-FIXED\calcpro-final-build\.next\server\chunks\8750.js:26:22792)
    at o (C:\Users\hp\Desktop\Movie\calcpro-FIXED\calcpro-final-build\.next\server\chunks\1490.js:1:3864)
    at nj (C:\Users\hp\Desktop\Movie\calcpro-FIXED\calcpro-final-build\node_modules\next\dist\compiled\next-server\app-
page.runtime.prod.js:12:46251)
    at nM (C:\Users\hp\Desktop\Movie\calcpro-FIXED\calcpro-final-build\node_modules\next\dist\compiled\next-server\app-
page.runtime.prod.js:12:47571)
    at nM (C:\Users\hp\Desktop\Movie\calcpro-FIXED\calcpro-final-build\node_modules\next\dist\compiled\next-server\app-
page.runtime.prod.js:12:61546)
    at nN (C:\Users\hp\Desktop\Movie\calcpro-FIXED\calcpro-final-build\node_modules\next\dist\compiled\next-server\app-
page.runtime.prod.js:12:64546)
    at nB (C:\Users\hp\Desktop\Movie\calcpro-FIXED\calcpro-final-build\node_modules\next\dist\compiled\next-server\app-
page.runtime.prod.js:12:67538)
    at nD (C:\Users\hp\Desktop\Movie\calcpro-FIXED\calcpro-final-build\node_modules\next\dist\compiled\next-server\app-
page.runtime.prod.js:12:66680)
    at nN (C:\Users\hp\Desktop\Movie\calcpro-FIXED\calcpro-final-build\node_modules\next\dist\compiled\next-server\app-
page.runtime.prod.js:12:64853)

Error occurred prerendering page "/blog". Read more: https://nextjs.org/docs/messages/prerender-error

 ⨯ useSearchParams() should be wrapped in a suspense boundary at page "/calculator/roman-numerals". Read more: 
https://nextjs.org/docs/messages/missing-suspense-with-csr-bailout
    at o (C:\Users\hp\Desktop\Movie\calcpro-FIXED\calcpro-final-build\.next\server\chunks\8750.js:26:11795)
    at c (C:\Users\hp\Desktop\Movie\calcpro-FIXED\calcpro-final-build\.next\server\chunks\8750.js:26:22792)
    at o (C:\Users\hp\Desktop\Movie\calcpro-FIXED\calcpro-final-build\.next\server\chunks\1490.js:1:3864)
    at nj (C:\Users\hp\Desktop\Movie\calcpro-FIXED\calcpro-final-build\node_modules\next\dist\compiled\next-server\app-
page.runtime.prod.js:12:46251)
    at nM (C:\Users\hp\Desktop\Movie\calcpro-FIXED\calcpro-final-build\node_modules\next\dist\compiled\next-server\app-
page.runtime.prod.js:12:47571)
    at nM (C:\Users\hp\Desktop\Movie\calcpro-FIXED\calcpro-final-build\node_modules\next\dist\compiled\next-server\app-
page.runtime.prod.js:12:61546)
    at nN (C:\Users\hp\Desktop\Movie\calcpro-FIXED\calcpro-final-build\node_modules\next\dist\compiled\next-server\app-
page.runtime.prod.js:12:64546)
    at nB (C:\Users\hp\Desktop\Movie\calcpro-FIXED\calcpro-final-build\node_modules\next\dist\compiled\next-server\app-
page.runtime.prod.js:12:67538)
    at nD (C:\Users\hp\Desktop\Movie\calcpro-FIXED\calcpro-final-build\node_modules\next\dist\compiled\next-server\app-
page.runtime.prod.js:12:66680)
    at nN (C:\Users\hp\Desktop\Movie\calcpro-FIXED\calcpro-final-build\node_modules\next\dist\compiled\next-server\app-
page.runtime.prod.js:12:64853)

Error occurred prerendering page "/calculator/roman-numerals". Read more: 
https://nextjs.org/docs/messages/prerender-error

 ⨯ useSearchParams() should be wrapped in a suspense boundary at page "/calculator/qr-generator". Read more: 
https://nextjs.org/docs/messages/missing-suspense-with-csr-bailout
    at o (C:\Users\hp\Desktop\Movie\calcpro-FIXED\calcpro-final-build\.next\server\chunks\8750.js:26:11795)
    at c (C:\Users\hp\Desktop\Movie\calcpro-FIXED\calcpro-final-build\.next\server\chunks\8750.js:26:22792)
    at o (C:\Users\hp\Desktop\Movie\calcpro-FIXED\calcpro-final-build\.next\server\chunks\1490.js:1:3864)
    at nj (C:\Users\hp\Desktop\Movie\calcpro-FIXED\calcpro-final-build\node_modules\next\dist\compiled\next-server\app-
page.runtime.prod.js:12:46251)
    at nM (C:\Users\hp\Desktop\Movie\calcpro-FIXED\calcpro-final-build\node_modules\next\dist\compiled\next-server\app-
page.runtime.prod.js:12:47571)
    at nM (C:\Users\hp\Desktop\Movie\calcpro-FIXED\calcpro-final-build\node_modules\next\dist\compiled\next-server\app-
page.runtime.prod.js:12:61546)
    at nN (C:\Users\hp\Desktop\Movie\calcpro-FIXED\calcpro-final-build\node_modules\next\dist\compiled\next-server\app-
page.runtime.prod.js:12:64546)
    at nB (C:\Users\hp\Desktop\Movie\calcpro-FIXED\calcpro-final-build\node_modules\next\dist\compiled\next-server\app-
page.runtime.prod.js:12:67538)
    at nD (C:\Users\hp\Desktop\Movie\calcpro-FIXED\calcpro-final-build\node_modules\next\dist\compiled\next-server\app-
page.runtime.prod.js:12:66680)
    at nN (C:\Users\hp\Desktop\Movie\calcpro-FIXED\calcpro-final-build\node_modules\next\dist\compiled\next-server\app-
page.runtime.prod.js:12:64853)

Error occurred prerendering page "/calculator/qr-generator". Read more: 
https://nextjs.org/docs/messages/prerender-error

 ⨯ useSearchParams() should be wrapped in a suspense boundary at page "/calculator/savings". Read more: 
https://nextjs.org/docs/messages/missing-suspense-with-csr-bailout
    at o (C:\Users\hp\Desktop\Movie\calcpro-FIXED\calcpro-final-build\.next\server\chunks\8750.js:26:11795)
    at c (C:\Users\hp\Desktop\Movie\calcpro-FIXED\calcpro-final-build\.next\server\chunks\8750.js:26:22792)
    at o (C:\Users\hp\Desktop\Movie\calcpro-FIXED\calcpro-final-build\.next\server\chunks\1490.js:1:3864)
    at nj (C:\Users\hp\Desktop\Movie\calcpro-FIXED\calcpro-final-build\node_modules\next\dist\compiled\next-server\app-
page.runtime.prod.js:12:46251)
    at nM (C:\Users\hp\Desktop\Movie\calcpro-FIXED\calcpro-final-build\node_modules\next\dist\compiled\next-server\app-
page.runtime.prod.js:12:47571)
    at nM (C:\Users\hp\Desktop\Movie\calcpro-FIXED\calcpro-final-build\node_modules\next\dist\compiled\next-server\app-
page.runtime.prod.js:12:61546)
    at nN (C:\Users\hp\Desktop\Movie\calcpro-FIXED\calcpro-final-build\node_modules\next\dist\compiled\next-server\app-
page.runtime.prod.js:12:64546)
    at nB (C:\Users\hp\Desktop\Movie\calcpro-FIXED\calcpro-final-build\node_modules\next\dist\compiled\next-server\app-
page.runtime.prod.js:12:67538)
    at nD (C:\Users\hp\Desktop\Movie\calcpro-FIXED\calcpro-final-build\node_modules\next\dist\compiled\next-server\app-
page.runtime.prod.js:12:66680)
    at nN (C:\Users\hp\Desktop\Movie\calcpro-FIXED\calcpro-final-build\node_modules\next\dist\compiled\next-server\app-
page.runtime.prod.js:12:64853)

Error occurred prerendering page "/calculator/savings". Read more: https://nextjs.org/docs/messages/prerender-error

 ⨯ useSearchParams() should be wrapped in a suspense boundary at page "/calculator/nepal-salary". Read more: 
https://nextjs.org/docs/messages/missing-suspense-with-csr-bailout
    at o (C:\Users\hp\Desktop\Movie\calcpro-FIXED\calcpro-final-build\.next\server\chunks\8750.js:26:11795)
    at c (C:\Users\hp\Desktop\Movie\calcpro-FIXED\calcpro-final-build\.next\server\chunks\8750.js:26:22792)
    at o (C:\Users\hp\Desktop\Movie\calcpro-FIXED\calcpro-final-build\.next\server\chunks\1490.js:1:3864)
    at nj (C:\Users\hp\Desktop\Movie\calcpro-FIXED\calcpro-final-build\node_modules\next\dist\compiled\next-server\app-
page.runtime.prod.js:12:46251)
    at nM (C:\Users\hp\Desktop\Movie\calcpro-FIXED\calcpro-final-build\node_modules\next\dist\compiled\next-server\app-
page.runtime.prod.js:12:47571)
    at nM (C:\Users\hp\Desktop\Movie\calcpro-FIXED\calcpro-final-build\node_modules\next\dist\compiled\next-server\app-
page.runtime.prod.js:12:61546)
    at nN (C:\Users\hp\Desktop\Movie\calcpro-FIXED\calcpro-final-build\node_modules\next\dist\compiled\next-server\app-
page.runtime.prod.js:12:64546)
    at nB (C:\Users\hp\Desktop\Movie\calcpro-FIXED\calcpro-final-build\node_modules\next\dist\compiled\next-server\app-
page.runtime.prod.js:12:67538)
    at nD (C:\Users\hp\Desktop\Movie\calcpro-FIXED\calcpro-final-build\node_modules\next\dist\compiled\next-server\app-
page.runtime.prod.js:12:66680)
    at nN (C:\Users\hp\Desktop\Movie\calcpro-FIXED\calcpro-final-build\node_modules\next\dist\compiled\next-server\app-
page.runtime.prod.js:12:64853)

Error occurred prerendering page "/calculator/nepal-salary". Read more: 
https://nextjs.org/docs/messages/prerender-error

 ⨯ useSearchParams() should be wrapped in a suspense boundary at page "/calculator/quadratic-solver". Read more: 
https://nextjs.org/docs/messages/missing-suspense-with-csr-bailout
    at o (C:\Users\hp\Desktop\Movie\calcpro-FIXED\calcpro-final-build\.next\server\chunks\8750.js:26:11795)
    at c (C:\Users\hp\Desktop\Movie\calcpro-FIXED\calcpro-final-build\.next\server\chunks\8750.js:26:22792)
    at o (C:\Users\hp\Desktop\Movie\calcpro-FIXED\calcpro-final-build\.next\server\chunks\1490.js:1:3864)
    at nj (C:\Users\hp\Desktop\Movie\calcpro-FIXED\calcpro-final-build\node_modules\next\dist\compiled\next-server\app-
page.runtime.prod.js:12:46251)
    at nM (C:\Users\hp\Desktop\Movie\calcpro-FIXED\calcpro-final-build\node_modules\next\dist\compiled\next-server\app-
page.runtime.prod.js:12:47571)
    at nM (C:\Users\hp\Desktop\Movie\calcpro-FIXED\calcpro-final-build\node_modules\next\dist\compiled\next-server\app-
page.runtime.prod.js:12:61546)
    at nN (C:\Users\hp\Desktop\Movie\calcpro-FIXED\calcpro-final-build\node_modules\next\dist\compiled\next-server\app-
page.runtime.prod.js:12:64546)
    at nB (C:\Users\hp\Desktop\Movie\calcpro-FIXED\calcpro-final-build\node_modules\next\dist\compiled\next-server\app-
page.runtime.prod.js:12:67538)
    at nD (C:\Users\hp\Desktop\Movie\calcpro-FIXED\calcpro-final-build\node_modules\next\dist\compiled\next-server\app-
page.runtime.prod.js:12:66680)
    at nN (C:\Users\hp\Desktop\Movie\calcpro-FIXED\calcpro-final-build\node_modules\next\dist\compiled\next-server\app-
page.runtime.prod.js:12:64853)

Error occurred prerendering page "/calculator/quadratic-solver". Read more: 
https://nextjs.org/docs/messages/prerender-error

 ⨯ useSearchParams() should be wrapped in a suspense boundary at page "/calculator/standard-deviation". Read more: 
https://nextjs.org/docs/messages/missing-suspense-with-csr-bailout
    at o (C:\Users\hp\Desktop\Movie\calcpro-FIXED\calcpro-final-build\.next\server\chunks\8750.js:26:11795)
    at c (C:\Users\hp\Desktop\Movie\calcpro-FIXED\calcpro-final-build\.next\server\chunks\8750.js:26:22792)
    at o (C:\Users\hp\Desktop\Movie\calcpro-FIXED\calcpro-final-build\.next\server\chunks\1490.js:1:3864)
    at nj (C:\Users\hp\Desktop\Movie\calcpro-FIXED\calcpro-final-build\node_modules\next\dist\compiled\next-server\app-
page.runtime.prod.js:12:46251)
    at nM (C:\Users\hp\Desktop\Movie\calcpro-FIXED\calcpro-final-build\node_modules\next\dist\compiled\next-server\app-
page.runtime.prod.js:12:47571)
    at nM (C:\Users\hp\Desktop\Movie\calcpro-FIXED\calcpro-final-build\node_modules\next\dist\compiled\next-server\app-
page.runtime.prod.js:12:61546)
    at nN (C:\Users\hp\Desktop\Movie\calcpro-FIXED\calcpro-final-build\node_modules\next\dist\compiled\next-server\app-
page.runtime.prod.js:12:64546)
    at nB (C:\Users\hp\Desktop\Movie\calcpro-FIXED\calcpro-final-build\node_modules\next\dist\compiled\next-server\app-
page.runtime.prod.js:12:67538)
    at nD (C:\Users\hp\Desktop\Movie\calcpro-FIXED\calcpro-final-build\node_modules\next\dist\compiled\next-server\app-
page.runtime.prod.js:12:66680)
    at nN (C:\Users\hp\Desktop\Movie\calcpro-FIXED\calcpro-final-build\node_modules\next\dist\compiled\next-server\app-
page.runtime.prod.js:12:64853)

Error occurred prerendering page "/calculator/standard-deviation". Read more: 
https://nextjs.org/docs/messages/prerender-error

   Generating static pages (51/68) 
 ⨯ useSearchParams() should be wrapped in a suspense boundary at page "/calculator/percentage". Read more: 
https://nextjs.org/docs/messages/missing-suspense-with-csr-bailout
    at o (C:\Users\hp\Desktop\Movie\calcpro-FIXED\calcpro-final-build\.next\server\chunks\8750.js:26:11795)
    at c (C:\Users\hp\Desktop\Movie\calcpro-FIXED\calcpro-final-build\.next\server\chunks\8750.js:26:22792)
    at o (C:\Users\hp\Desktop\Movie\calcpro-FIXED\calcpro-final-build\.next\server\chunks\1490.js:1:3864)
    at nj (C:\Users\hp\Desktop\Movie\calcpro-FIXED\calcpro-final-build\node_modules\next\dist\compiled\next-server\app-
page.runtime.prod.js:12:46251)
    at nM (C:\Users\hp\Desktop\Movie\calcpro-FIXED\calcpro-final-build\node_modules\next\dist\compiled\next-server\app-
page.runtime.prod.js:12:47571)
    at nM (C:\Users\hp\Desktop\Movie\calcpro-FIXED\calcpro-final-build\node_modules\next\dist\compiled\next-server\app-
page.runtime.prod.js:12:61546)
    at nN (C:\Users\hp\Desktop\Movie\calcpro-FIXED\calcpro-final-build\node_modules\next\dist\compiled\next-server\app-
page.runtime.prod.js:12:64546)
    at nB (C:\Users\hp\Desktop\Movie\calcpro-FIXED\calcpro-final-build\node_modules\next\dist\compiled\next-server\app-
page.runtime.prod.js:12:67538)
    at nD (C:\Users\hp\Desktop\Movie\calcpro-FIXED\calcpro-final-build\node_modules\next\dist\compiled\next-server\app-
page.runtime.prod.js:12:66680)
    at nN (C:\Users\hp\Desktop\Movie\calcpro-FIXED\calcpro-final-build\node_modules\next\dist\compiled\next-server\app-
page.runtime.prod.js:12:64853)

Error occurred prerendering page "/calculator/percentage". Read more: https://nextjs.org/docs/messages/prerender-error

 ⨯ useSearchParams() should be wrapped in a suspense boundary at page "/calculator/nepal-vat". Read more: 
https://nextjs.org/docs/messages/missing-suspense-with-csr-bailout
    at o (C:\Users\hp\Desktop\Movie\calcpro-FIXED\calcpro-final-build\.next\server\chunks\8750.js:26:11795)
    at c (C:\Users\hp\Desktop\Movie\calcpro-FIXED\calcpro-final-build\.next\server\chunks\8750.js:26:22792)
    at o (C:\Users\hp\Desktop\Movie\calcpro-FIXED\calcpro-final-build\.next\server\chunks\1490.js:1:3864)
    at nj (C:\Users\hp\Desktop\Movie\calcpro-FIXED\calcpro-final-build\node_modules\next\dist\compiled\next-server\app-
page.runtime.prod.js:12:46251)
    at nM (C:\Users\hp\Desktop\Movie\calcpro-FIXED\calcpro-final-build\node_modules\next\dist\compiled\next-server\app-
page.runtime.prod.js:12:47571)
    at nM (C:\Users\hp\Desktop\Movie\calcpro-FIXED\calcpro-final-build\node_modules\next\dist\compiled\next-server\app-
page.runtime.prod.js:12:61546)
    at nN (C:\Users\hp\Desktop\Movie\calcpro-FIXED\calcpro-final-build\node_modules\next\dist\compiled\next-server\app-
page.runtime.prod.js:12:64546)
    at nB (C:\Users\hp\Desktop\Movie\calcpro-FIXED\calcpro-final-build\node_modules\next\dist\compiled\next-server\app-
page.runtime.prod.js:12:67538)
    at nD (C:\Users\hp\Desktop\Movie\calcpro-FIXED\calcpro-final-build\node_modules\next\dist\compiled\next-server\app-
page.runtime.prod.js:12:66680)
    at nN (C:\Users\hp\Desktop\Movie\calcpro-FIXED\calcpro-final-build\node_modules\next\dist\compiled\next-server\app-
page.runtime.prod.js:12:64853)

Error occurred prerendering page "/calculator/nepal-vat". Read more: https://nextjs.org/docs/messages/prerender-error

 ⨯ useSearchParams() should be wrapped in a suspense boundary at page "/calculator/scientific-calculator". Read more: 
https://nextjs.org/docs/messages/missing-suspense-with-csr-bailout
    at o (C:\Users\hp\Desktop\Movie\calcpro-FIXED\calcpro-final-build\.next\server\chunks\8750.js:26:11795)
    at c (C:\Users\hp\Desktop\Movie\calcpro-FIXED\calcpro-final-build\.next\server\chunks\8750.js:26:22792)
    at o (C:\Users\hp\Desktop\Movie\calcpro-FIXED\calcpro-final-build\.next\server\chunks\1490.js:1:3864)
    at nj (C:\Users\hp\Desktop\Movie\calcpro-FIXED\calcpro-final-build\node_modules\next\dist\compiled\next-server\app-
page.runtime.prod.js:12:46251)
    at nM (C:\Users\hp\Desktop\Movie\calcpro-FIXED\calcpro-final-build\node_modules\next\dist\compiled\next-server\app-
page.runtime.prod.js:12:47571)
    at nM (C:\Users\hp\Desktop\Movie\calcpro-FIXED\calcpro-final-build\node_modules\next\dist\compiled\next-server\app-
page.runtime.prod.js:12:61546)
    at nN (C:\Users\hp\Desktop\Movie\calcpro-FIXED\calcpro-final-build\node_modules\next\dist\compiled\next-server\app-
page.runtime.prod.js:12:64546)
    at nB (C:\Users\hp\Desktop\Movie\calcpro-FIXED\calcpro-final-build\node_modules\next\dist\compiled\next-server\app-
page.runtime.prod.js:12:67538)
    at nD (C:\Users\hp\Desktop\Movie\calcpro-FIXED\calcpro-final-build\node_modules\next\dist\compiled\next-server\app-
page.runtime.prod.js:12:66680)
    at nN (C:\Users\hp\Desktop\Movie\calcpro-FIXED\calcpro-final-build\node_modules\next\dist\compiled\next-server\app-
page.runtime.prod.js:12:64853)

Error occurred prerendering page "/calculator/scientific-calculator". Read more: 
https://nextjs.org/docs/messages/prerender-error

 ⨯ useSearchParams() should be wrapped in a suspense boundary at page "/calculator/tip-calculator". Read more: 
https://nextjs.org/docs/messages/missing-suspense-with-csr-bailout
    at o (C:\Users\hp\Desktop\Movie\calcpro-FIXED\calcpro-final-build\.next\server\chunks\8750.js:26:11795)
    at c (C:\Users\hp\Desktop\Movie\calcpro-FIXED\calcpro-final-build\.next\server\chunks\8750.js:26:22792)
    at o (C:\Users\hp\Desktop\Movie\calcpro-FIXED\calcpro-final-build\.next\server\chunks\1490.js:1:3864)
    at nj (C:\Users\hp\Desktop\Movie\calcpro-FIXED\calcpro-final-build\node_modules\next\dist\compiled\next-server\app-
page.runtime.prod.js:12:46251)
    at nM (C:\Users\hp\Desktop\Movie\calcpro-FIXED\calcpro-final-build\node_modules\next\dist\compiled\next-server\app-
page.runtime.prod.js:12:47571)
    at nM (C:\Users\hp\Desktop\Movie\calcpro-FIXED\calcpro-final-build\node_modules\next\dist\compiled\next-server\app-
page.runtime.prod.js:12:61546)
    at nN (C:\Users\hp\Desktop\Movie\calcpro-FIXED\calcpro-final-build\node_modules\next\dist\compiled\next-server\app-
page.runtime.prod.js:12:64546)
    at nB (C:\Users\hp\Desktop\Movie\calcpro-FIXED\calcpro-final-build\node_modules\next\dist\compiled\next-server\app-
page.runtime.prod.js:12:67538)
    at nD (C:\Users\hp\Desktop\Movie\calcpro-FIXED\calcpro-final-build\node_modules\next\dist\compiled\next-server\app-
page.runtime.prod.js:12:66680)
    at nN (C:\Users\hp\Desktop\Movie\calcpro-FIXED\calcpro-final-build\node_modules\next\dist\compiled\next-server\app-
page.runtime.prod.js:12:64853)

Error occurred prerendering page "/calculator/tip-calculator". Read more: 
https://nextjs.org/docs/messages/prerender-error

 ⨯ useSearchParams() should be wrapped in a suspense boundary at page "/calculator/word-counter". Read more: 
https://nextjs.org/docs/messages/missing-suspense-with-csr-bailout
    at o (C:\Users\hp\Desktop\Movie\calcpro-FIXED\calcpro-final-build\.next\server\chunks\8750.js:26:11795)
    at c (C:\Users\hp\Desktop\Movie\calcpro-FIXED\calcpro-final-build\.next\server\chunks\8750.js:26:22792)
    at o (C:\Users\hp\Desktop\Movie\calcpro-FIXED\calcpro-final-build\.next\server\chunks\1490.js:1:3864)
    at nj (C:\Users\hp\Desktop\Movie\calcpro-FIXED\calcpro-final-build\node_modules\next\dist\compiled\next-server\app-
page.runtime.prod.js:12:46251)
    at nM (C:\Users\hp\Desktop\Movie\calcpro-FIXED\calcpro-final-build\node_modules\next\dist\compiled\next-server\app-
page.runtime.prod.js:12:47571)
    at nM (C:\Users\hp\Desktop\Movie\calcpro-FIXED\calcpro-final-build\node_modules\next\dist\compiled\next-server\app-
page.runtime.prod.js:12:61546)
    at nN (C:\Users\hp\Desktop\Movie\calcpro-FIXED\calcpro-final-build\node_modules\next\dist\compiled\next-server\app-
page.runtime.prod.js:12:64546)
    at nB (C:\Users\hp\Desktop\Movie\calcpro-FIXED\calcpro-final-build\node_modules\next\dist\compiled\next-server\app-
page.runtime.prod.js:12:67538)
    at nD (C:\Users\hp\Desktop\Movie\calcpro-FIXED\calcpro-final-build\node_modules\next\dist\compiled\next-server\app-
page.runtime.prod.js:12:66680)
    at nN (C:\Users\hp\Desktop\Movie\calcpro-FIXED\calcpro-final-build\node_modules\next\dist\compiled\next-server\app-
page.runtime.prod.js:12:64853)

Error occurred prerendering page "/calculator/word-counter". Read more: 
https://nextjs.org/docs/messages/prerender-error

 ⨯ useSearchParams() should be wrapped in a suspense boundary at page "/calculator/unit-converter". Read more: 
https://nextjs.org/docs/messages/missing-suspense-with-csr-bailout
    at o (C:\Users\hp\Desktop\Movie\calcpro-FIXED\calcpro-final-build\.next\server\chunks\8750.js:26:11795)
    at c (C:\Users\hp\Desktop\Movie\calcpro-FIXED\calcpro-final-build\.next\server\chunks\8750.js:26:22792)
    at o (C:\Users\hp\Desktop\Movie\calcpro-FIXED\calcpro-final-build\.next\server\chunks\1490.js:1:3864)
    at nj (C:\Users\hp\Desktop\Movie\calcpro-FIXED\calcpro-final-build\node_modules\next\dist\compiled\next-server\app-
page.runtime.prod.js:12:46251)
    at nM (C:\Users\hp\Desktop\Movie\calcpro-FIXED\calcpro-final-build\node_modules\next\dist\compiled\next-server\app-
page.runtime.prod.js:12:47571)
    at nM (C:\Users\hp\Desktop\Movie\calcpro-FIXED\calcpro-final-build\node_modules\next\dist\compiled\next-server\app-
page.runtime.prod.js:12:61546)
    at nN (C:\Users\hp\Desktop\Movie\calcpro-FIXED\calcpro-final-build\node_modules\next\dist\compiled\next-server\app-
page.runtime.prod.js:12:64546)
    at nB (C:\Users\hp\Desktop\Movie\calcpro-FIXED\calcpro-final-build\node_modules\next\dist\compiled\next-server\app-
page.runtime.prod.js:12:67538)
    at nD (C:\Users\hp\Desktop\Movie\calcpro-FIXED\calcpro-final-build\node_modules\next\dist\compiled\next-server\app-
page.runtime.prod.js:12:66680)
    at nN (C:\Users\hp\Desktop\Movie\calcpro-FIXED\calcpro-final-build\node_modules\next\dist\compiled\next-server\app-
page.runtime.prod.js:12:64853)

Error occurred prerendering page "/calculator/unit-converter". Read more: 
https://nextjs.org/docs/messages/prerender-error

 ⨯ useSearchParams() should be wrapped in a suspense boundary at page "/calculator/sip-calculator". Read more: 
https://nextjs.org/docs/messages/missing-suspense-with-csr-bailout
    at o (C:\Users\hp\Desktop\Movie\calcpro-FIXED\calcpro-final-build\.next\server\chunks\8750.js:26:11795)
    at c (C:\Users\hp\Desktop\Movie\calcpro-FIXED\calcpro-final-build\.next\server\chunks\8750.js:26:22792)
    at o (C:\Users\hp\Desktop\Movie\calcpro-FIXED\calcpro-final-build\.next\server\chunks\1490.js:1:3864)
    at nj (C:\Users\hp\Desktop\Movie\calcpro-FIXED\calcpro-final-build\node_modules\next\dist\compiled\next-server\app-
page.runtime.prod.js:12:46251)
    at nM (C:\Users\hp\Desktop\Movie\calcpro-FIXED\calcpro-final-build\node_modules\next\dist\compiled\next-server\app-
page.runtime.prod.js:12:47571)
    at nM (C:\Users\hp\Desktop\Movie\calcpro-FIXED\calcpro-final-build\node_modules\next\dist\compiled\next-server\app-
page.runtime.prod.js:12:61546)
    at nN (C:\Users\hp\Desktop\Movie\calcpro-FIXED\calcpro-final-build\node_modules\next\dist\compiled\next-server\app-
page.runtime.prod.js:12:64546)
    at nB (C:\Users\hp\Desktop\Movie\calcpro-FIXED\calcpro-final-build\node_modules\next\dist\compiled\next-server\app-
page.runtime.prod.js:12:67538)
    at nD (C:\Users\hp\Desktop\Movie\calcpro-FIXED\calcpro-final-build\node_modules\next\dist\compiled\next-server\app-
page.runtime.prod.js:12:66680)
    at nN (C:\Users\hp\Desktop\Movie\calcpro-FIXED\calcpro-final-build\node_modules\next\dist\compiled\next-server\app-
page.runtime.prod.js:12:64853)

Error occurred prerendering page "/calculator/sip-calculator". Read more: 
https://nextjs.org/docs/messages/prerender-error

 ⨯ useSearchParams() should be wrapped in a suspense boundary at page "/calculator/simple-interest". Read more: 
https://nextjs.org/docs/messages/missing-suspense-with-csr-bailout
    at o (C:\Users\hp\Desktop\Movie\calcpro-FIXED\calcpro-final-build\.next\server\chunks\8750.js:26:11795)
    at c (C:\Users\hp\Desktop\Movie\calcpro-FIXED\calcpro-final-build\.next\server\chunks\8750.js:26:22792)
    at o (C:\Users\hp\Desktop\Movie\calcpro-FIXED\calcpro-final-build\.next\server\chunks\1490.js:1:3864)
    at nj (C:\Users\hp\Desktop\Movie\calcpro-FIXED\calcpro-final-build\node_modules\next\dist\compiled\next-server\app-
page.runtime.prod.js:12:46251)
    at nM (C:\Users\hp\Desktop\Movie\calcpro-FIXED\calcpro-final-build\node_modules\next\dist\compiled\next-server\app-
page.runtime.prod.js:12:47571)
    at nM (C:\Users\hp\Desktop\Movie\calcpro-FIXED\calcpro-final-build\node_modules\next\dist\compiled\next-server\app-
page.runtime.prod.js:12:61546)
    at nN (C:\Users\hp\Desktop\Movie\calcpro-FIXED\calcpro-final-build\node_modules\next\dist\compiled\next-server\app-
page.runtime.prod.js:12:64546)
    at nB (C:\Users\hp\Desktop\Movie\calcpro-FIXED\calcpro-final-build\node_modules\next\dist\compiled\next-server\app-
page.runtime.prod.js:12:67538)
    at nD (C:\Users\hp\Desktop\Movie\calcpro-FIXED\calcpro-final-build\node_modules\next\dist\compiled\next-server\app-
page.runtime.prod.js:12:66680)
    at nN (C:\Users\hp\Desktop\Movie\calcpro-FIXED\calcpro-final-build\node_modules\next\dist\compiled\next-server\app-
page.runtime.prod.js:12:64853)

Error occurred prerendering page "/calculator/simple-interest". Read more: 
https://nextjs.org/docs/messages/prerender-error

 ⨯ useSearchParams() should be wrapped in a suspense boundary at page "/guide". Read more: 
https://nextjs.org/docs/messages/missing-suspense-with-csr-bailout
    at o (C:\Users\hp\Desktop\Movie\calcpro-FIXED\calcpro-final-build\.next\server\chunks\8750.js:26:11795)
    at c (C:\Users\hp\Desktop\Movie\calcpro-FIXED\calcpro-final-build\.next\server\chunks\8750.js:26:22792)
    at o (C:\Users\hp\Desktop\Movie\calcpro-FIXED\calcpro-final-build\.next\server\chunks\1490.js:1:3864)
    at nj (C:\Users\hp\Desktop\Movie\calcpro-FIXED\calcpro-final-build\node_modules\next\dist\compiled\next-server\app-
page.runtime.prod.js:12:46251)
    at nM (C:\Users\hp\Desktop\Movie\calcpro-FIXED\calcpro-final-build\node_modules\next\dist\compiled\next-server\app-
page.runtime.prod.js:12:47571)
    at nM (C:\Users\hp\Desktop\Movie\calcpro-FIXED\calcpro-final-build\node_modules\next\dist\compiled\next-server\app-
page.runtime.prod.js:12:61546)
    at nN (C:\Users\hp\Desktop\Movie\calcpro-FIXED\calcpro-final-build\node_modules\next\dist\compiled\next-server\app-
page.runtime.prod.js:12:64546)
    at nB (C:\Users\hp\Desktop\Movie\calcpro-FIXED\calcpro-final-build\node_modules\next\dist\compiled\next-server\app-
page.runtime.prod.js:12:67538)
    at nD (C:\Users\hp\Desktop\Movie\calcpro-FIXED\calcpro-final-build\node_modules\next\dist\compiled\next-server\app-
page.runtime.prod.js:12:66680)
    at nN (C:\Users\hp\Desktop\Movie\calcpro-FIXED\calcpro-final-build\node_modules\next\dist\compiled\next-server\app-
page.runtime.prod.js:12:64853)

Error occurred prerendering page "/guide". Read more: https://nextjs.org/docs/messages/prerender-error

 ⨯ useSearchParams() should be wrapped in a suspense boundary at page "/calculator/bmr". Read more: 
https://nextjs.org/docs/messages/missing-suspense-with-csr-bailout
    at o (C:\Users\hp\Desktop\Movie\calcpro-FIXED\calcpro-final-build\.next\server\chunks\8750.js:26:11795)
    at c (C:\Users\hp\Desktop\Movie\calcpro-FIXED\calcpro-final-build\.next\server\chunks\8750.js:26:22792)
    at o (C:\Users\hp\Desktop\Movie\calcpro-FIXED\calcpro-final-build\.next\server\chunks\1490.js:1:3864)
    at nj (C:\Users\hp\Desktop\Movie\calcpro-FIXED\calcpro-final-build\node_modules\next\dist\compiled\next-server\app-
page.runtime.prod.js:12:46251)
    at nM (C:\Users\hp\Desktop\Movie\calcpro-FIXED\calcpro-final-build\node_modules\next\dist\compiled\next-server\app-
page.runtime.prod.js:12:47571)
    at nM (C:\Users\hp\Desktop\Movie\calcpro-FIXED\calcpro-final-build\node_modules\next\dist\compiled\next-server\app-
page.runtime.prod.js:12:61546)
    at nN (C:\Users\hp\Desktop\Movie\calcpro-FIXED\calcpro-final-build\node_modules\next\dist\compiled\next-server\app-
page.runtime.prod.js:12:64546)
    at nB (C:\Users\hp\Desktop\Movie\calcpro-FIXED\calcpro-final-build\node_modules\next\dist\compiled\next-server\app-
page.runtime.prod.js:12:67538)
    at nD (C:\Users\hp\Desktop\Movie\calcpro-FIXED\calcpro-final-build\node_modules\next\dist\compiled\next-server\app-
page.runtime.prod.js:12:66680)
    at nN (C:\Users\hp\Desktop\Movie\calcpro-FIXED\calcpro-final-build\node_modules\next\dist\compiled\next-server\app-
page.runtime.prod.js:12:64853)

Error occurred prerendering page "/calculator/bmr". Read more: https://nextjs.org/docs/messages/prerender-error

 ⨯ useSearchParams() should be wrapped in a suspense boundary at page "/calculator/bmi". Read more: 
https://nextjs.org/docs/messages/missing-suspense-with-csr-bailout
    at o (C:\Users\hp\Desktop\Movie\calcpro-FIXED\calcpro-final-build\.next\server\chunks\8750.js:26:11795)
    at c (C:\Users\hp\Desktop\Movie\calcpro-FIXED\calcpro-final-build\.next\server\chunks\8750.js:26:22792)
    at o (C:\Users\hp\Desktop\Movie\calcpro-FIXED\calcpro-final-build\.next\server\chunks\1490.js:1:3864)
    at nj (C:\Users\hp\Desktop\Movie\calcpro-FIXED\calcpro-final-build\node_modules\next\dist\compiled\next-server\app-
page.runtime.prod.js:12:46251)
    at nM (C:\Users\hp\Desktop\Movie\calcpro-FIXED\calcpro-final-build\node_modules\next\dist\compiled\next-server\app-
page.runtime.prod.js:12:47571)
    at nM (C:\Users\hp\Desktop\Movie\calcpro-FIXED\calcpro-final-build\node_modules\next\dist\compiled\next-server\app-
page.runtime.prod.js:12:61546)
    at nN (C:\Users\hp\Desktop\Movie\calcpro-FIXED\calcpro-final-build\node_modules\next\dist\compiled\next-server\app-
page.runtime.prod.js:12:64546)
    at nB (C:\Users\hp\Desktop\Movie\calcpro-FIXED\calcpro-final-build\node_modules\next\dist\compiled\next-server\app-
page.runtime.prod.js:12:67538)
    at nD (C:\Users\hp\Desktop\Movie\calcpro-FIXED\calcpro-final-build\node_modules\next\dist\compiled\next-server\app-
page.runtime.prod.js:12:66680)
    at nN (C:\Users\hp\Desktop\Movie\calcpro-FIXED\calcpro-final-build\node_modules\next\dist\compiled\next-server\app-
page.runtime.prod.js:12:64853)

Error occurred prerendering page "/calculator/bmi". Read more: https://nextjs.org/docs/messages/prerender-error

 ⨯ useSearchParams() should be wrapped in a suspense boundary at page "/calculator/water-intake". Read more: 
https://nextjs.org/docs/messages/missing-suspense-with-csr-bailout
    at o (C:\Users\hp\Desktop\Movie\calcpro-FIXED\calcpro-final-build\.next\server\chunks\8750.js:26:11795)
    at c (C:\Users\hp\Desktop\Movie\calcpro-FIXED\calcpro-final-build\.next\server\chunks\8750.js:26:22792)
    at o (C:\Users\hp\Desktop\Movie\calcpro-FIXED\calcpro-final-build\.next\server\chunks\1490.js:1:3864)
    at nj (C:\Users\hp\Desktop\Movie\calcpro-FIXED\calcpro-final-build\node_modules\next\dist\compiled\next-server\app-
page.runtime.prod.js:12:46251)
    at nM (C:\Users\hp\Desktop\Movie\calcpro-FIXED\calcpro-final-build\node_modules\next\dist\compiled\next-server\app-
page.runtime.prod.js:12:47571)
    at nM (C:\Users\hp\Desktop\Movie\calcpro-FIXED\calcpro-final-build\node_modules\next\dist\compiled\next-server\app-
page.runtime.prod.js:12:61546)
    at nN (C:\Users\hp\Desktop\Movie\calcpro-FIXED\calcpro-final-build\node_modules\next\dist\compiled\next-server\app-
page.runtime.prod.js:12:64546)
    at nB (C:\Users\hp\Desktop\Movie\calcpro-FIXED\calcpro-final-build\node_modules\next\dist\compiled\next-server\app-
page.runtime.prod.js:12:67538)
    at nD (C:\Users\hp\Desktop\Movie\calcpro-FIXED\calcpro-final-build\node_modules\next\dist\compiled\next-server\app-
page.runtime.prod.js:12:66680)
    at nN (C:\Users\hp\Desktop\Movie\calcpro-FIXED\calcpro-final-build\node_modules\next\dist\compiled\next-server\app-
page.runtime.prod.js:12:64853)

Error occurred prerendering page "/calculator/water-intake". Read more: 
https://nextjs.org/docs/messages/prerender-error

 ⨯ useSearchParams() should be wrapped in a suspense boundary at page "/calculator/password-generator". Read more: 
https://nextjs.org/docs/messages/missing-suspense-with-csr-bailout
    at o (C:\Users\hp\Desktop\Movie\calcpro-FIXED\calcpro-final-build\.next\server\chunks\8750.js:26:11795)
    at c (C:\Users\hp\Desktop\Movie\calcpro-FIXED\calcpro-final-build\.next\server\chunks\8750.js:26:22792)
    at o (C:\Users\hp\Desktop\Movie\calcpro-FIXED\calcpro-final-build\.next\server\chunks\1490.js:1:3864)
    at nj (C:\Users\hp\Desktop\Movie\calcpro-FIXED\calcpro-final-build\node_modules\next\dist\compiled\next-server\app-
page.runtime.prod.js:12:46251)
    at nM (C:\Users\hp\Desktop\Movie\calcpro-FIXED\calcpro-final-build\node_modules\next\dist\compiled\next-server\app-
page.runtime.prod.js:12:47571)
    at nM (C:\Users\hp\Desktop\Movie\calcpro-FIXED\calcpro-final-build\node_modules\next\dist\compiled\next-server\app-
page.runtime.prod.js:12:61546)
    at nN (C:\Users\hp\Desktop\Movie\calcpro-FIXED\calcpro-final-build\node_modules\next\dist\compiled\next-server\app-
page.runtime.prod.js:12:64546)
    at nB (C:\Users\hp\Desktop\Movie\calcpro-FIXED\calcpro-final-build\node_modules\next\dist\compiled\next-server\app-
page.runtime.prod.js:12:67538)
    at nD (C:\Users\hp\Desktop\Movie\calcpro-FIXED\calcpro-final-build\node_modules\next\dist\compiled\next-server\app-
page.runtime.prod.js:12:66680)
    at nN (C:\Users\hp\Desktop\Movie\calcpro-FIXED\calcpro-final-build\node_modules\next\dist\compiled\next-server\app-
page.runtime.prod.js:12:64853)

Error occurred prerendering page "/calculator/password-generator". Read more: 
https://nextjs.org/docs/messages/prerender-error

 ⨯ useSearchParams() should be wrapped in a suspense boundary at page "/contact". Read more: 
https://nextjs.org/docs/messages/missing-suspense-with-csr-bailout
    at o (C:\Users\hp\Desktop\Movie\calcpro-FIXED\calcpro-final-build\.next\server\chunks\8750.js:26:11795)
    at c (C:\Users\hp\Desktop\Movie\calcpro-FIXED\calcpro-final-build\.next\server\chunks\8750.js:26:22792)
    at o (C:\Users\hp\Desktop\Movie\calcpro-FIXED\calcpro-final-build\.next\server\chunks\1490.js:1:3864)
    at nj (C:\Users\hp\Desktop\Movie\calcpro-FIXED\calcpro-final-build\node_modules\next\dist\compiled\next-server\app-
page.runtime.prod.js:12:46251)
    at nM (C:\Users\hp\Desktop\Movie\calcpro-FIXED\calcpro-final-build\node_modules\next\dist\compiled\next-server\app-
page.runtime.prod.js:12:47571)
    at nM (C:\Users\hp\Desktop\Movie\calcpro-FIXED\calcpro-final-build\node_modules\next\dist\compiled\next-server\app-
page.runtime.prod.js:12:61546)
    at nN (C:\Users\hp\Desktop\Movie\calcpro-FIXED\calcpro-final-build\node_modules\next\dist\compiled\next-server\app-
page.runtime.prod.js:12:64546)
    at nB (C:\Users\hp\Desktop\Movie\calcpro-FIXED\calcpro-final-build\node_modules\next\dist\compiled\next-server\app-
page.runtime.prod.js:12:67538)
    at nD (C:\Users\hp\Desktop\Movie\calcpro-FIXED\calcpro-final-build\node_modules\next\dist\compiled\next-server\app-
page.runtime.prod.js:12:66680)
    at nN (C:\Users\hp\Desktop\Movie\calcpro-FIXED\calcpro-final-build\node_modules\next\dist\compiled\next-server\app-
page.runtime.prod.js:12:64853)

Error occurred prerendering page "/contact". Read more: https://nextjs.org/docs/messages/prerender-error

 ⨯ useSearchParams() should be wrapped in a suspense boundary at page "/calculator/loan-emi". Read more: 
https://nextjs.org/docs/messages/missing-suspense-with-csr-bailout
    at o (C:\Users\hp\Desktop\Movie\calcpro-FIXED\calcpro-final-build\.next\server\chunks\8750.js:26:11795)
    at c (C:\Users\hp\Desktop\Movie\calcpro-FIXED\calcpro-final-build\.next\server\chunks\8750.js:26:22792)
    at o (C:\Users\hp\Desktop\Movie\calcpro-FIXED\calcpro-final-build\.next\server\chunks\1490.js:1:3864)
    at nj (C:\Users\hp\Desktop\Movie\calcpro-FIXED\calcpro-final-build\node_modules\next\dist\compiled\next-server\app-
page.runtime.prod.js:12:46251)
    at nM (C:\Users\hp\Desktop\Movie\calcpro-FIXED\calcpro-final-build\node_modules\next\dist\compiled\next-server\app-
page.runtime.prod.js:12:47571)
    at nM (C:\Users\hp\Desktop\Movie\calcpro-FIXED\calcpro-final-build\node_modules\next\dist\compiled\next-server\app-
page.runtime.prod.js:12:61546)
    at nN (C:\Users\hp\Desktop\Movie\calcpro-FIXED\calcpro-final-build\node_modules\next\dist\compiled\next-server\app-
page.runtime.prod.js:12:64546)
    at nB (C:\Users\hp\Desktop\Movie\calcpro-FIXED\calcpro-final-build\node_modules\next\dist\compiled\next-server\app-
page.runtime.prod.js:12:67538)
    at nD (C:\Users\hp\Desktop\Movie\calcpro-FIXED\calcpro-final-build\node_modules\next\dist\compiled\next-server\app-
page.runtime.prod.js:12:66680)
    at nN (C:\Users\hp\Desktop\Movie\calcpro-FIXED\calcpro-final-build\node_modules\next\dist\compiled\next-server\app-
page.runtime.prod.js:12:64853)

Error occurred prerendering page "/calculator/loan-emi". Read more: https://nextjs.org/docs/messages/prerender-error

 ⨯ useSearchParams() should be wrapped in a suspense boundary at page "/calculator/mortgage-calculator". Read more: 
https://nextjs.org/docs/messages/missing-suspense-with-csr-bailout
    at o (C:\Users\hp\Desktop\Movie\calcpro-FIXED\calcpro-final-build\.next\server\chunks\8750.js:26:11795)
    at c (C:\Users\hp\Desktop\Movie\calcpro-FIXED\calcpro-final-build\.next\server\chunks\8750.js:26:22792)
    at o (C:\Users\hp\Desktop\Movie\calcpro-FIXED\calcpro-final-build\.next\server\chunks\1490.js:1:3864)
    at nj (C:\Users\hp\Desktop\Movie\calcpro-FIXED\calcpro-final-build\node_modules\next\dist\compiled\next-server\app-
page.runtime.prod.js:12:46251)
    at nM (C:\Users\hp\Desktop\Movie\calcpro-FIXED\calcpro-final-build\node_modules\next\dist\compiled\next-server\app-
page.runtime.prod.js:12:47571)
    at nM (C:\Users\hp\Desktop\Movie\calcpro-FIXED\calcpro-final-build\node_modules\next\dist\compiled\next-server\app-
page.runtime.prod.js:12:61546)
    at nN (C:\Users\hp\Desktop\Movie\calcpro-FIXED\calcpro-final-build\node_modules\next\dist\compiled\next-server\app-
page.runtime.prod.js:12:64546)
    at nB (C:\Users\hp\Desktop\Movie\calcpro-FIXED\calcpro-final-build\node_modules\next\dist\compiled\next-server\app-
page.runtime.prod.js:12:67538)
    at nD (C:\Users\hp\Desktop\Movie\calcpro-FIXED\calcpro-final-build\node_modules\next\dist\compiled\next-server\app-
page.runtime.prod.js:12:66680)
    at nN (C:\Users\hp\Desktop\Movie\calcpro-FIXED\calcpro-final-build\node_modules\next\dist\compiled\next-server\app-
page.runtime.prod.js:12:64853)

Error occurred prerendering page "/calculator/mortgage-calculator". Read more: 
https://nextjs.org/docs/messages/prerender-error

 ✓ Generating static pages (68/68)

> Export encountered errors on following paths:
	/_not-found/page: /_not-found
	/about/page: /about
	/admin/login/page: /admin/login
	/admin/page: /admin
	/admin/posts/new/page: /admin/posts/new
	/admin/posts/page: /admin/posts
	/admin/seo-pages/new/page: /admin/seo-pages/new
	/admin/seo-pages/page: /admin/seo-pages
	/blog/page: /blog
	/calculator/age-calculator/page: /calculator/age-calculator
	/calculator/attendance/page: /calculator/attendance
	/calculator/bmi/page: /calculator/bmi
	/calculator/bmr/page: /calculator/bmr
	/calculator/body-fat/page: /calculator/body-fat
	/calculator/cagr-calculator/page: /calculator/cagr-calculator
	/calculator/calorie-calculator/page: /calculator/calorie-calculator
	/calculator/cgpa/page: /calculator/cgpa
	/calculator/compound-interest/page: /calculator/compound-interest
	/calculator/concrete-mix/page: /calculator/concrete-mix
	/calculator/discount-calculator/page: /calculator/discount-calculator
	/calculator/fd-calculator/page: /calculator/fd-calculator
	/calculator/fraction-calculator/page: /calculator/fraction-calculator
	/calculator/gpa/page: /calculator/gpa
	/calculator/ideal-weight/page: /calculator/ideal-weight
	/calculator/loan-emi/page: /calculator/loan-emi
	/calculator/logarithm-calculator/page: /calculator/logarithm-calculator
	/calculator/marks-needed/page: /calculator/marks-needed
	/calculator/mortgage-calculator/page: /calculator/mortgage-calculator
	/calculator/nepal-home-loan/page: /calculator/nepal-home-loan
	/calculator/nepal-income-tax/page: /calculator/nepal-income-tax
	/calculator/nepal-provident-fund/page: /calculator/nepal-provident-fund
	/calculator/nepal-salary/page: /calculator/nepal-salary
	/calculator/nepal-tax-calculator/page: /calculator/nepal-tax-calculator
	/calculator/nepal-vat/page: /calculator/nepal-vat
	/calculator/nepali-date/page: /calculator/nepali-date
	/calculator/number-to-words/page: /calculator/number-to-words
	/calculator/page: /calculator
	/calculator/password-generator/page: /calculator/password-generator
	/calculator/percentage/page: /calculator/percentage
	/calculator/pregnancy-due-date/page: /calculator/pregnancy-due-date
	/calculator/qr-generator/page: /calculator/qr-generator
	/calculator/quadratic-solver/page: /calculator/quadratic-solver
	/calculator/roman-numerals/page: /calculator/roman-numerals
	/calculator/savings/page: /calculator/savings
	/calculator/scientific-calculator/page: /calculator/scientific-calculator
	/calculator/simple-interest/page: /calculator/simple-interest
	/calculator/sip-calculator/page: /calculator/sip-calculator
	/calculator/standard-deviation/page: /calculator/standard-deviation
	/calculator/tip-calculator/page: /calculator/tip-calculator
	/calculator/unit-converter/page: /calculator/unit-converter
	/calculator/water-intake/page: /calculator/water-intake
	/calculator/word-counter/page: /calculator/word-counter
	/calculators/nepal/page: /calculators/nepal
	/contact/page: /contact
	/guide/page: /guide
	/page: /
	/pricing/page: /pricing
	/privacy/page: /privacy
	/search/page: /search
	/sitemap/page: /sitemap
	/terms/page: /terms
