
> calcpro-np@4.0.0 test
> jest

node.exe : PASS src/__tests__/math/nepal.test.ts
At C:\Program Files\nodejs\npm.ps1:29 char:3
+   & $NODE_EXE $NPM_CLI_JS $args
+   ~~~~~~~~~~~~~~~~~~~~~~~~~~~~~
    + CategoryInfo          : NotSpecified: (PASS src/__t 
   ests__/math/nepal.test.ts:String) [], RemoteException
    + FullyQualifiedErrorId : NativeCommandError
 
PASS src/__tests__/math/safeEval.test.ts
FAIL src/__tests__/math/accuracy_suite.test.ts
  ● ═══ CALCPRO COMPLETE ACCURACY SUITE ═══ › EDGE CASES 
— Division by zero, NaN, boundaries › BMI with height=0 
should produce NaN, not crash or return Infinity

    expect(received).toBe(expected) // Object.is equality

    Expected: NaN
    Received: Infinity

    [0m [90m 606 |[39m     test([32m'BMI with 
height=0 should produce NaN, not crash or return 
Infinity'[39m[33m,[39m () [33m=>[39m {
     [90m 607 |[39m       [36mconst[39m result 
[33m=[39m calculateBMI([35m70[39m[33m,[39m 
[35m0[39m)[33m;[39m
    [31m[1m>[22m[39m[90m 608 |[39m       
expect(result)[33m.[39mtoBe([33mNaN[39m)[33m;[39m
     [90m     |[39m                      
[31m[1m^[22m[39m
     [90m 609 |[39m     })[33m;[39m
     [90m 610 |[39m     test([32m'VAT on zero 
amount'[39m[33m,[39m () [33m=>[39m {
     [90m 611 |[39m       [36mconst[39m r [33m=[39m 
calculateVAT([35m0[39m[33m,[39m 
[32m'add'[39m)[33m;[39m[0m

      at Object.toBe 
(src/__tests__/math/accuracy_suite.test.ts:608:22)

FAIL 
src/__tests__/components/PercentageCalculator.test.tsx
  ● Percentage Calculator Accuracy Test Suite › Type 2: X 
is what % of Y? (150 is what % of 600 = 25%)

    TestingLibraryElementError: Unable to find an 
accessible element with the role "button" and name `/X is 
what % of Y\?/i`

    Here are the accessible roles:

      link:

      Name "Home":
      [36m<a[39m
        [33mclass[39m=[32m"hover:text-white 
transition-colors"[39m
        [33mhref[39m=[32m"/"[39m
      [36m/>[39m

      Name "Math":
      [36m<a[39m
        [33mclass[39m=[32m"hover:text-white 
transition-colors"[39m
        
[33mhref[39m=[32m"/calculator/category/math"[39m
      [36m/>[39m

      --------------------------------------------------
      main:

      Name "":
      [36m<main[39m
        [33mclass[39m=[32m"hp-container py-8"[39m
      [36m/>[39m

      --------------------------------------------------
      banner:

      Name "":
      [36m<header[39m
        [33mclass[39m=[32m"mb-10 border-b 
border-[#CCCCCC] pb-8"[39m
      [36m/>[39m

      --------------------------------------------------
      heading:

      Name "Percentage Calculator":
      [36m<h1[39m
        [33mclass[39m=[32m"text-3xl font-black 
text-[#006600] tracking-tight mb-2"[39m
      [36m/>[39m

      Name "Frequently Asked Questions":
      [36m<h2[39m
        [33mclass[39m=[32m"text-base font-semibold 
text-gray-900 mb-4"[39m
      [36m/>[39m

      --------------------------------------------------
      button:

      Name "X% of Y":
      [36m<button[39m
        [33mclass[39m=[32m"w-full p-4 border text-left 
flex items-center gap-3 transition-all 
bg-[var(--primary)] text-white 
border-[var(--primary)]"[39m
      [36m/>[39m

      Name "X is ?% of Y":
      [36m<button[39m
        [33mclass[39m=[32m"w-full p-4 border text-left 
flex items-center gap-3 transition-all bg-white 
border-[var(--border)] text-[var(--text-main)] 
hover:bg-[var(--bg-subtle)]"[39m
      [36m/>[39m

      Name "X is Y% of ?":
      [36m<button[39m
        [33mclass[39m=[32m"w-full p-4 border text-left 
flex items-center gap-3 transition-all bg-white 
border-[var(--border)] text-[var(--text-main)] 
hover:bg-[var(--bg-subtle)]"[39m
      [36m/>[39m

      Name "Value ± %":
      [36m<button[39m
        [33mclass[39m=[32m"w-full p-4 border text-left 
flex items-center gap-3 transition-all bg-white 
border-[var(--border)] text-[var(--text-main)] 
hover:bg-[var(--bg-subtle)]"[39m
      [36m/>[39m

      Name "% Change":
      [36m<button[39m
        [33mclass[39m=[32m"w-full p-4 border text-left 
flex items-center gap-3 transition-all bg-white 
border-[var(--border)] text-[var(--text-main)] 
hover:bg-[var(--bg-subtle)]"[39m
      [36m/>[39m

      Name "5%":
      [36m<button[39m
        [33mclass[39m=[32m"py-2 text-[11px] font-bold 
border border-[var(--border)] bg-[var(--bg-surface)] 
hover:bg-[var(--primary)] hover:text-white 
hover:border-[var(--primary)] transition-all"[39m
      [36m/>[39m

      Name "10%":
      [36m<button[39m
        [33mclass[39m=[32m"py-2 text-[11px] font-bold 
border border-[var(--border)] bg-[var(--bg-surface)] 
hover:bg-[var(--primary)] hover:text-white 
hover:border-[var(--primary)] transition-all"[39m
      [36m/>[39m

      Name "13%":
      [36m<button[39m
        [33mclass[39m=[32m"py-2 text-[11px] font-bold 
border border-[var(--border)] bg-[var(--bg-surface)] 
hover:bg-[var(--primary)] hover:text-white 
hover:border-[var(--primary)] transition-all"[39m
      [36m/>[39m

      Name "15%":
      [36m<button[39m
        [33mclass[39m=[32m"py-2 text-[11px] font-bold 
border border-[var(--border)] bg-[var(--bg-surface)] 
hover:bg-[var(--primary)] hover:text-white 
hover:border-[var(--primary)] transition-all"[39m
      [36m/>[39m

      Name "20%":
      [36m<button[39m
        [33mclass[39m=[32m"py-2 text-[11px] font-bold 
border border-[var(--border)] bg-[var(--bg-surface)] 
hover:bg-[var(--primary)] hover:text-white 
hover:border-[var(--primary)] transition-all"[39m
      [36m/>[39m

      Name "25%":
      [36m<button[39m
        [33mclass[39m=[32m"py-2 text-[11px] font-bold 
border border-[var(--border)] bg-[var(--bg-surface)] 
hover:bg-[var(--primary)] hover:text-white 
hover:border-[var(--primary)] transition-all"[39m
      [36m/>[39m

      Name "How do I find the original amount? ▼":
      [36m<button[39m
        [33mclass[39m=[32m"w-full flex items-center 
justify-between px-4 py-3 text-left text-sm font-medium 
text-gray-900 hover:bg-gray-50 transition-colors"[39m
      [36m/>[39m

      Name "What is percentage change? ▼":
      [36m<button[39m
        [33mclass[39m=[32m"w-full flex items-center 
justify-between px-4 py-3 text-left text-sm font-medium 
text-gray-900 hover:bg-gray-50 transition-colors"[39m
      [36m/>[39m

      Name "Are results rounded? ▼":
      [36m<button[39m
        [33mclass[39m=[32m"w-full flex items-center 
justify-between px-4 py-3 text-left text-sm font-medium 
text-gray-900 hover:bg-gray-50 transition-colors"[39m
      [36m/>[39m

      --------------------------------------------------
      spinbutton:

      Name "Value X":
      [36m<input[39m
        [33maria-invalid[39m=[32m"false"[39m
        [33maria-required[39m=[32m"true"[39m
        [33mclass[39m=[32m"w-full h-11 pl-3 pr-10 
                             py-2 rounded-sm font-bold 
text-[15px]
                             border transition-all 
outline-none
                             bg-white 
text-[var(--text-main)]
                             border-[var(--border)] 
focus:border-[var(--primary)] 
focus:bg-[var(--primary-light)]"[39m
        [33mid[39m=[32m":r6:"[39m
        [33minputmode[39m=[32m"decimal"[39m
        [33mrequired[39m=[32m""[39m
        [33mstep[39m=[32m"1"[39m
        [33mtype[39m=[32m"number"[39m
        [33mvalue[39m=[32m"20"[39m
      [36m/>[39m

      Name "Total Y":
      [36m<input[39m
        [33maria-invalid[39m=[32m"false"[39m
        [33maria-required[39m=[32m"true"[39m
        [33mclass[39m=[32m"w-full h-11 pl-3 pr-3 
                             py-2 rounded-sm font-bold 
text-[15px]
                             border transition-all 
outline-none
                             bg-white 
text-[var(--text-main)]
                             border-[var(--border)] 
focus:border-[var(--primary)] 
focus:bg-[var(--primary-light)]"[39m
        [33mid[39m=[32m":r9:"[39m
        [33minputmode[39m=[32m"decimal"[39m
        [33mrequired[39m=[32m""[39m
        [33mstep[39m=[32m"1"[39m
        [33mtype[39m=[32m"number"[39m
        [33mvalue[39m=[32m"500"[39m
      [36m/>[39m

      --------------------------------------------------
      complementary:

      Name "":
      [36m<aside[39m
        [33mclass[39m=[32m"lg:col-span-4 space-y-8 
lg:sticky lg:top-20"[39m
      [36m/>[39m

      --------------------------------------------------
      contentinfo:

      Name "":
      [36m<footer[39m
        [33mclass[39m=[32m"mt-24 py-12 bg-[#F8F8F8] 
border-t border-[#CCCCCC]"[39m
      [36m/>[39m

      --------------------------------------------------

    Ignored nodes: comments, script, style
    [36m<body>[39m
      [36m<div>[39m
        [36m<div[39m
          [33mclass[39m=[32m"min-h-screen bg-white 
font-sans antialiased"[39m
        [36m>[39m
          [36m<div[39m
            [33mclass[39m=[32m"bg-[#083366] 
text-white/80 py-2 border-b border-white/5"[39m
          [36m>[39m
            [36m<div[39m
              [33mclass[39m=[32m"hp-container flex 
items-center gap-2 text-[11px] font-bold uppercase 
tracking-wider"[39m
            [36m>[39m
              [36m<a[39m
                [33mclass[39m=[32m"hover:text-white 
transition-colors"[39m
                [33mhref[39m=[32m"/"[39m
              [36m>[39m
                [0mHome[0m
              [36m</a>[39m
              [36m<span[39m
                [33mclass[39m=[32m"opacity-30"[39m
              [36m>[39m
                [0m/[0m
              [36m</span>[39m
              [36m<a[39m
                [33mclass[39m=[32m"hover:text-white 
transition-colors"[39m
                
[33mhref[39m=[32m"/calculator/category/math"[39m
              [36m>[39m
                [0mMath[0m
              [36m</a>[39m
              [36m<span[39m
                [33mclass[39m=[32m"opacity-30"[39m
              [36m>[39m
                [0m/[0m
              [36m</span>[39m
              [36m<span[39m
                [33mclass[39m=[32m"text-white 
truncate"[39m
              [36m>[39m
                [0mPercentage Calculator[0m
              [36m</span>[39m
            [36m</div>[39m
          [36m</div>[39m
          [36m<main[39m
            [33mclass[39m=[32m"hp-container py-8"[39m
          [36m>[39m
            [36m<header[39m
              [33mclass[39m=[32m"mb-10 border-b 
border-[#CCCCCC] pb-8"[39m
            [36m>[39m
              [36m<h1[39m
                [33mclass[39m=[32m"text-3xl font-black 
text-[#006600] tracking-tight mb-2"[39m
              [36m>[39m
                [0mPercentage Calculator[0m
              [36m</h1>[39m
              [36m<p[39m
                [33mclass[39m=[32m"text-[14px] 
text-[#333333] leading-relaxed max-w-4xl"[39m
              [36m>[39m
                [0mSolve any percentage problem 
instantly — discounts, growth rates, original values, and 
more.[0m
              [36m</p>[39m
            [36m</header>[39m
            [36m<div[39m
              [33mclass[39m=[32m"grid grid-cols-1 
lg:grid-cols-10 gap-x-12 items-start"[39m
            [36m>[39m
              [36m<section[39m
                [33mclass[39m=[32m"lg:col-span-6 
space-y-8"[39m
              [36m>[39m
                [36m<div[39m
                  [33mclass[39m=[32m"bg-white"[39m
                [36m>[39m
                  [36m<div[39m
                    [33mclass[39m=[32m"space-y-6"[39m
                  [36m>[39m
                    [36m<div[39m
                      
[33mclass[39m=[32m"space-y-2"[39m
                    [36m>[39m
                      [36m<label[39m
                        [33mclass[39m=[32m"text-[11px] 
font-bold uppercase text-[var(--text-secondary)]"[39m
                      [36m>[39m
                        [0mCalculation Mode[0m
                      [36m</label>[39m
                      [36m<div[39m
                        
[33mclass[39m=[32m"space-y-1"[39m
                      [36m>[39m
                        [36m<button[39m
                          [33mclass[39m=[32m"w-full 
p-4 border text-left flex items-center gap-3 
transition-all bg-[var(--primary)] text-white 
border-[var(--primary)]"[39m
                        [36m>[39m
                          [36m<svg[39m
                            [33mclass[39m=[32m"lucide 
lucide-percent w-4 h-4 shrink-0"[39m
                            
[33mfill[39m=[32m"none"[39m
                            
[33mheight[39m=[32m"24"[39m
                            
[33mstroke[39m=[32m"currentColor"[39m
                            
[33mstroke-linecap[39m=[32m"round"[39m
                            
[33mstroke-linejoin[39m=[32m"round"[39m
                            
[33mstroke-width[39m=[32m"2"[39m
                            [33mviewBox[39m=[32m"0 0 
24 24"[39m
                            [33mwidth[39m=[32m"24"[39m
                            
[33mxmlns[39m=[32m"http://www.w3.org/2000/svg"[39m
                          [36m>[39m
                            [36m<line[39m
                              [33mx1[39m=[32m"19"[39m
                              [33mx2[39m=[32m"5"[39m
                              [33my1[39m=[32m"5"[39m
                              [33my2[39m=[32m"19"[39m
                            [36m/>[39m
                            [36m<circle[39m
                              [33mcx[39m=[32m"6.5"[39m
                              [33mcy[39m=[32m"6.5"[39m
                              [33mr[39m=[32m"2.5"[39m
                            [36m/>[39m
                            [36m<circle[39m
                              
[33mcx[39m=[32m"17.5"[39m
                              
[33mcy[39m=[32m"17.5"[39m
                              [33mr[39m=[32m"2.5"[39m
                            [36m/>[39m
                          [36m</svg>[39m
                          [36m<span[39m
                            
[33mclass[39m=[32m"text-[12px] font-bold uppercase 
tracking-tight"[39m
                          [36m>[39m
                            [0mX% of Y[0m
                          [36m</span>[39m
                        [36m</button>[39m
                        [36m<button[39m
                          [33mclass[39m=[32m"w-full 
p-4 border text-left flex items-center gap-3 
transition-all bg-white border-[var(--border)] 
text-[var(--text-main)] hover:bg-[var(--bg-subtle)]"[39m
                        [36m>[39m
                          [36m<svg[39m
                            [33mclass[39m=[32m"lucide 
lucide-search w-4 h-4 shrink-0"[39m
                            
[33mfill[39m=[32m"none"[39m
                            
[33mheight[39m=[32m"24"[39m
                            
[33mstroke[39m=[32m"currentColor"[39m
                            
[33mstroke-linecap[39m=[32m"round"[39m
                            
[33mstroke-linejoin[39m=[32m"round"[39m
                            
[33mstroke-width[39m=[32m"2"[39m
                            [33mviewBox[39m=[32m"0 0 
24 24"[39m
                            [33mwidth[39m=[32m"24"[39m
                            
[33mxmlns[39m=[32m"http://www.w3.org/2000/svg"[39m
                          [36m>[39m
                            [36m<circle[39m
                              [33mcx[39m=[32m"11"[39m
                              [33mcy[39m=[32m"11"[39m
                              [33mr[39m=[32m"8"[39m
                            [36m/>[39m
                            [36m<path[39m
                              [33md[39m=[32m"m21 
21-4.3-4.3"[39m
                            [36m/>[39m
                          [36m</svg>[39m
                          [36m<span[39m
                            
[33mclass[39m=[32m"text-[12px] font-bold uppercase 
tracking-tight"[39m
                          [36m>[39m
                            [0mX is ?% of Y[0m
                          [36m</span>[39m
                        [36m</button>[39m
                        [36m<button[39m
                          [33mclass[39m=[32m"w-full 
p-4 border ...

    [0m [90m 36 |[39m
     [90m 37 |[39m     fireEvent[33m.[39mclick(
    [31m[1m>[22m[39m[90m 38 |[39m       
screen[33m.[39mgetByRole([32m'button'[39m[33m,[39m 
{ name[33m:[39m [35m/X is what % of Y\?/i[39m })
     [90m    |[39m              [31m[1m^[22m[39m
     [90m 39 |[39m     )[33m;[39m
     [90m 40 |[39m
     [90m 41 |[39m     [36mconst[39m inputs 
[33m=[39m screen[33m.[39mgetAllByRole([32m'spinbutton
'[39m)[33m;[39m[0m

      at Object.getElementError 
(node_modules/@testing-library/dom/dist/config.js:37:19)
      at node_modules/@testing-library/dom/dist/query-help
ers.js:76:38
      at node_modules/@testing-library/dom/dist/query-help
ers.js:52:17
      at node_modules/@testing-library/dom/dist/query-help
ers.js:95:19
      at Object.getByRole (src/__tests__/components/Percen
tageCalculator.test.tsx:38:14)

  ● Percentage Calculator Accuracy Test Suite › Type 3: 
Find Original Number (375 is 15% of what = 2500)

    TestingLibraryElementError: Unable to find an 
accessible element with the role "button" and name `/X is 
Y% of what\?/i`

    Here are the accessible roles:

      link:

      Name "Home":
      [36m<a[39m
        [33mclass[39m=[32m"hover:text-white 
transition-colors"[39m
        [33mhref[39m=[32m"/"[39m
      [36m/>[39m

      Name "Math":
      [36m<a[39m
        [33mclass[39m=[32m"hover:text-white 
transition-colors"[39m
        
[33mhref[39m=[32m"/calculator/category/math"[39m
      [36m/>[39m

      --------------------------------------------------
      main:

      Name "":
      [36m<main[39m
        [33mclass[39m=[32m"hp-container py-8"[39m
      [36m/>[39m

      --------------------------------------------------
      banner:

      Name "":
      [36m<header[39m
        [33mclass[39m=[32m"mb-10 border-b 
border-[#CCCCCC] pb-8"[39m
      [36m/>[39m

      --------------------------------------------------
      heading:

      Name "Percentage Calculator":
      [36m<h1[39m
        [33mclass[39m=[32m"text-3xl font-black 
text-[#006600] tracking-tight mb-2"[39m
      [36m/>[39m

      Name "Frequently Asked Questions":
      [36m<h2[39m
        [33mclass[39m=[32m"text-base font-semibold 
text-gray-900 mb-4"[39m
      [36m/>[39m

      --------------------------------------------------
      button:

      Name "X% of Y":
      [36m<button[39m
        [33mclass[39m=[32m"w-full p-4 border text-left 
flex items-center gap-3 transition-all 
bg-[var(--primary)] text-white 
border-[var(--primary)]"[39m
      [36m/>[39m

      Name "X is ?% of Y":
      [36m<button[39m
        [33mclass[39m=[32m"w-full p-4 border text-left 
flex items-center gap-3 transition-all bg-white 
border-[var(--border)] text-[var(--text-main)] 
hover:bg-[var(--bg-subtle)]"[39m
      [36m/>[39m

      Name "X is Y% of ?":
      [36m<button[39m
        [33mclass[39m=[32m"w-full p-4 border text-left 
flex items-center gap-3 transition-all bg-white 
border-[var(--border)] text-[var(--text-main)] 
hover:bg-[var(--bg-subtle)]"[39m
      [36m/>[39m

      Name "Value ± %":
      [36m<button[39m
        [33mclass[39m=[32m"w-full p-4 border text-left 
flex items-center gap-3 transition-all bg-white 
border-[var(--border)] text-[var(--text-main)] 
hover:bg-[var(--bg-subtle)]"[39m
      [36m/>[39m

      Name "% Change":
      [36m<button[39m
        [33mclass[39m=[32m"w-full p-4 border text-left 
flex items-center gap-3 transition-all bg-white 
border-[var(--border)] text-[var(--text-main)] 
hover:bg-[var(--bg-subtle)]"[39m
      [36m/>[39m

      Name "5%":
      [36m<button[39m
        [33mclass[39m=[32m"py-2 text-[11px] font-bold 
border border-[var(--border)] bg-[var(--bg-surface)] 
hover:bg-[var(--primary)] hover:text-white 
hover:border-[var(--primary)] transition-all"[39m
      [36m/>[39m

      Name "10%":
      [36m<button[39m
        [33mclass[39m=[32m"py-2 text-[11px] font-bold 
border border-[var(--border)] bg-[var(--bg-surface)] 
hover:bg-[var(--primary)] hover:text-white 
hover:border-[var(--primary)] transition-all"[39m
      [36m/>[39m

      Name "13%":
      [36m<button[39m
        [33mclass[39m=[32m"py-2 text-[11px] font-bold 
border border-[var(--border)] bg-[var(--bg-surface)] 
hover:bg-[var(--primary)] hover:text-white 
hover:border-[var(--primary)] transition-all"[39m
      [36m/>[39m

      Name "15%":
      [36m<button[39m
        [33mclass[39m=[32m"py-2 text-[11px] font-bold 
border border-[var(--border)] bg-[var(--bg-surface)] 
hover:bg-[var(--primary)] hover:text-white 
hover:border-[var(--primary)] transition-all"[39m
      [36m/>[39m

      Name "20%":
      [36m<button[39m
        [33mclass[39m=[32m"py-2 text-[11px] font-bold 
border border-[var(--border)] bg-[var(--bg-surface)] 
hover:bg-[var(--primary)] hover:text-white 
hover:border-[var(--primary)] transition-all"[39m
      [36m/>[39m

      Name "25%":
      [36m<button[39m
        [33mclass[39m=[32m"py-2 text-[11px] font-bold 
border border-[var(--border)] bg-[var(--bg-surface)] 
hover:bg-[var(--primary)] hover:text-white 
hover:border-[var(--primary)] transition-all"[39m
      [36m/>[39m

      Name "How do I find the original amount? ▼":
      [36m<button[39m
        [33mclass[39m=[32m"w-full flex items-center 
justify-between px-4 py-3 text-left text-sm font-medium 
text-gray-900 hover:bg-gray-50 transition-colors"[39m
      [36m/>[39m

      Name "What is percentage change? ▼":
      [36m<button[39m
        [33mclass[39m=[32m"w-full flex items-center 
justify-between px-4 py-3 text-left text-sm font-medium 
text-gray-900 hover:bg-gray-50 transition-colors"[39m
      [36m/>[39m

      Name "Are results rounded? ▼":
      [36m<button[39m
        [33mclass[39m=[32m"w-full flex items-center 
justify-between px-4 py-3 text-left text-sm font-medium 
text-gray-900 hover:bg-gray-50 transition-colors"[39m
      [36m/>[39m

      --------------------------------------------------
      spinbutton:

      Name "Value X":
      [36m<input[39m
        [33maria-invalid[39m=[32m"false"[39m
        [33maria-required[39m=[32m"true"[39m
        [33mclass[39m=[32m"w-full h-11 pl-3 pr-10 
                             py-2 rounded-sm font-bold 
text-[15px]
                             border transition-all 
outline-none
                             bg-white 
text-[var(--text-main)]
                             border-[var(--border)] 
focus:border-[var(--primary)] 
focus:bg-[var(--primary-light)]"[39m
        [33mid[39m=[32m":rc:"[39m
        [33minputmode[39m=[32m"decimal"[39m
        [33mrequired[39m=[32m""[39m
        [33mstep[39m=[32m"1"[39m
        [33mtype[39m=[32m"number"[39m
        [33mvalue[39m=[32m"20"[39m
      [36m/>[39m

      Name "Total Y":
      [36m<input[39m
        [33maria-invalid[39m=[32m"false"[39m
        [33maria-required[39m=[32m"true"[39m
        [33mclass[39m=[32m"w-full h-11 pl-3 pr-3 
                             py-2 rounded-sm font-bold 
text-[15px]
                             border transition-all 
outline-none
                             bg-white 
text-[var(--text-main)]
                             border-[var(--border)] 
focus:border-[var(--primary)] 
focus:bg-[var(--primary-light)]"[39m
        [33mid[39m=[32m":rf:"[39m
        [33minputmode[39m=[32m"decimal"[39m
        [33mrequired[39m=[32m""[39m
        [33mstep[39m=[32m"1"[39m
        [33mtype[39m=[32m"number"[39m
        [33mvalue[39m=[32m"500"[39m
      [36m/>[39m

      --------------------------------------------------
      complementary:

      Name "":
      [36m<aside[39m
        [33mclass[39m=[32m"lg:col-span-4 space-y-8 
lg:sticky lg:top-20"[39m
      [36m/>[39m

      --------------------------------------------------
      contentinfo:

      Name "":
      [36m<footer[39m
        [33mclass[39m=[32m"mt-24 py-12 bg-[#F8F8F8] 
border-t border-[#CCCCCC]"[39m
      [36m/>[39m

      --------------------------------------------------

    Ignored nodes: comments, script, style
    [36m<body>[39m
      [36m<div>[39m
        [36m<div[39m
          [33mclass[39m=[32m"min-h-screen bg-white 
font-sans antialiased"[39m
        [36m>[39m
          [36m<div[39m
            [33mclass[39m=[32m"bg-[#083366] 
text-white/80 py-2 border-b border-white/5"[39m
          [36m>[39m
            [36m<div[39m
              [33mclass[39m=[32m"hp-container flex 
items-center gap-2 text-[11px] font-bold uppercase 
tracking-wider"[39m
            [36m>[39m
              [36m<a[39m
                [33mclass[39m=[32m"hover:text-white 
transition-colors"[39m
                [33mhref[39m=[32m"/"[39m
              [36m>[39m
                [0mHome[0m
              [36m</a>[39m
              [36m<span[39m
                [33mclass[39m=[32m"opacity-30"[39m
              [36m>[39m
                [0m/[0m
              [36m</span>[39m
              [36m<a[39m
                [33mclass[39m=[32m"hover:text-white 
transition-colors"[39m
                
[33mhref[39m=[32m"/calculator/category/math"[39m
              [36m>[39m
                [0mMath[0m
              [36m</a>[39m
              [36m<span[39m
                [33mclass[39m=[32m"opacity-30"[39m
              [36m>[39m
                [0m/[0m
              [36m</span>[39m
              [36m<span[39m
                [33mclass[39m=[32m"text-white 
truncate"[39m
              [36m>[39m
                [0mPercentage Calculator[0m
              [36m</span>[39m
            [36m</div>[39m
          [36m</div>[39m
          [36m<main[39m
            [33mclass[39m=[32m"hp-container py-8"[39m
          [36m>[39m
            [36m<header[39m
              [33mclass[39m=[32m"mb-10 border-b 
border-[#CCCCCC] pb-8"[39m
            [36m>[39m
              [36m<h1[39m
                [33mclass[39m=[32m"text-3xl font-black 
text-[#006600] tracking-tight mb-2"[39m
              [36m>[39m
                [0mPercentage Calculator[0m
              [36m</h1>[39m
              [36m<p[39m
                [33mclass[39m=[32m"text-[14px] 
text-[#333333] leading-relaxed max-w-4xl"[39m
              [36m>[39m
                [0mSolve any percentage problem 
instantly — discounts, growth rates, original values, and 
more.[0m
              [36m</p>[39m
            [36m</header>[39m
            [36m<div[39m
              [33mclass[39m=[32m"grid grid-cols-1 
lg:grid-cols-10 gap-x-12 items-start"[39m
            [36m>[39m
              [36m<section[39m
                [33mclass[39m=[32m"lg:col-span-6 
space-y-8"[39m
              [36m>[39m
                [36m<div[39m
                  [33mclass[39m=[32m"bg-white"[39m
                [36m>[39m
                  [36m<div[39m
                    [33mclass[39m=[32m"space-y-6"[39m
                  [36m>[39m
                    [36m<div[39m
                      
[33mclass[39m=[32m"space-y-2"[39m
                    [36m>[39m
                      [36m<label[39m
                        [33mclass[39m=[32m"text-[11px] 
font-bold uppercase text-[var(--text-secondary)]"[39m
                      [36m>[39m
                        [0mCalculation Mode[0m
                      [36m</label>[39m
                      [36m<div[39m
                        
[33mclass[39m=[32m"space-y-1"[39m
                      [36m>[39m
                        [36m<button[39m
                          [33mclass[39m=[32m"w-full 
p-4 border text-left flex items-center gap-3 
transition-all bg-[var(--primary)] text-white 
border-[var(--primary)]"[39m
                        [36m>[39m
                          [36m<svg[39m
                            [33mclass[39m=[32m"lucide 
lucide-percent w-4 h-4 shrink-0"[39m
                            
[33mfill[39m=[32m"none"[39m
                            
[33mheight[39m=[32m"24"[39m
                            
[33mstroke[39m=[32m"currentColor"[39m
                            
[33mstroke-linecap[39m=[32m"round"[39m
                            
[33mstroke-linejoin[39m=[32m"round"[39m
                            
[33mstroke-width[39m=[32m"2"[39m
                            [33mviewBox[39m=[32m"0 0 
24 24"[39m
                            [33mwidth[39m=[32m"24"[39m
                            
[33mxmlns[39m=[32m"http://www.w3.org/2000/svg"[39m
                          [36m>[39m
                            [36m<line[39m
                              [33mx1[39m=[32m"19"[39m
                              [33mx2[39m=[32m"5"[39m
                              [33my1[39m=[32m"5"[39m
                              [33my2[39m=[32m"19"[39m
                            [36m/>[39m
                            [36m<circle[39m
                              [33mcx[39m=[32m"6.5"[39m
                              [33mcy[39m=[32m"6.5"[39m
                              [33mr[39m=[32m"2.5"[39m
                            [36m/>[39m
                            [36m<circle[39m
                              
[33mcx[39m=[32m"17.5"[39m
                              
[33mcy[39m=[32m"17.5"[39m
                              [33mr[39m=[32m"2.5"[39m
                            [36m/>[39m
                          [36m</svg>[39m
                          [36m<span[39m
                            
[33mclass[39m=[32m"text-[12px] font-bold uppercase 
tracking-tight"[39m
                          [36m>[39m
                            [0mX% of Y[0m
                          [36m</span>[39m
                        [36m</button>[39m
                        [36m<button[39m
                          [33mclass[39m=[32m"w-full 
p-4 border text-left flex items-center gap-3 
transition-all bg-white border-[var(--border)] 
text-[var(--text-main)] hover:bg-[var(--bg-subtle)]"[39m
                        [36m>[39m
                          [36m<svg[39m
                            [33mclass[39m=[32m"lucide 
lucide-search w-4 h-4 shrink-0"[39m
                            
[33mfill[39m=[32m"none"[39m
                            
[33mheight[39m=[32m"24"[39m
                            
[33mstroke[39m=[32m"currentColor"[39m
                            
[33mstroke-linecap[39m=[32m"round"[39m
                            
[33mstroke-linejoin[39m=[32m"round"[39m
                            
[33mstroke-width[39m=[32m"2"[39m
                            [33mviewBox[39m=[32m"0 0 
24 24"[39m
                            [33mwidth[39m=[32m"24"[39m
                            
[33mxmlns[39m=[32m"http://www.w3.org/2000/svg"[39m
                          [36m>[39m
                            [36m<circle[39m
                              [33mcx[39m=[32m"11"[39m
                              [33mcy[39m=[32m"11"[39m
                              [33mr[39m=[32m"8"[39m
                            [36m/>[39m
                            [36m<path[39m
                              [33md[39m=[32m"m21 
21-4.3-4.3"[39m
                            [36m/>[39m
                          [36m</svg>[39m
                          [36m<span[39m
                            
[33mclass[39m=[32m"text-[12px] font-bold uppercase 
tracking-tight"[39m
                          [36m>[39m
                            [0mX is ?% of Y[0m
                          [36m</span>[39m
                        [36m</button>[39m
                        [36m<button[39m
                          [33mclass[39m=[32m"w-full 
p-4 border ...

    [0m [90m 52 |[39m
     [90m 53 |[39m     fireEvent[33m.[39mclick(
    [31m[1m>[22m[39m[90m 54 |[39m       
screen[33m.[39mgetByRole([32m'button'[39m[33m,[39m 
{ name[33m:[39m [35m/X is Y% of what\?/i[39m })
     [90m    |[39m              [31m[1m^[22m[39m
     [90m 55 |[39m     )[33m;[39m
     [90m 56 |[39m
     [90m 57 |[39m     [36mconst[39m inputs 
[33m=[39m screen[33m.[39mgetAllByRole([32m'spinbutton
'[39m)[33m;[39m[0m

      at Object.getElementError 
(node_modules/@testing-library/dom/dist/config.js:37:19)
      at node_modules/@testing-library/dom/dist/query-help
ers.js:76:38
      at node_modules/@testing-library/dom/dist/query-help
ers.js:52:17
      at node_modules/@testing-library/dom/dist/query-help
ers.js:95:19
      at Object.getByRole (src/__tests__/components/Percen
tageCalculator.test.tsx:54:14)

  ● Percentage Calculator Accuracy Test Suite › Type 4: 
Percentage Increase (100 to 120 = 20% Increase)

    TestingLibraryElementError: Unable to find an element 
with the text: 20.00%. This could be because the text is 
broken up by multiple elements. In this case, you can 
provide a function for your text matcher to make your 
matcher more flexible.

    Ignored nodes: comments, script, style
    [36m<body>[39m
      [36m<div>[39m
        [36m<div[39m
          [33mclass[39m=[32m"min-h-screen bg-white 
font-sans antialiased"[39m
        [36m>[39m
          [36m<div[39m
            [33mclass[39m=[32m"bg-[#083366] 
text-white/80 py-2 border-b border-white/5"[39m
          [36m>[39m
            [36m<div[39m
              [33mclass[39m=[32m"hp-container flex 
items-center gap-2 text-[11px] font-bold uppercase 
tracking-wider"[39m
            [36m>[39m
              [36m<a[39m
                [33mclass[39m=[32m"hover:text-white 
transition-colors"[39m
                [33mhref[39m=[32m"/"[39m
              [36m>[39m
                [0mHome[0m
              [36m</a>[39m
              [36m<span[39m
                [33mclass[39m=[32m"opacity-30"[39m
              [36m>[39m
                [0m/[0m
              [36m</span>[39m
              [36m<a[39m
                [33mclass[39m=[32m"hover:text-white 
transition-colors"[39m
                
[33mhref[39m=[32m"/calculator/category/math"[39m
              [36m>[39m
                [0mMath[0m
              [36m</a>[39m
              [36m<span[39m
                [33mclass[39m=[32m"opacity-30"[39m
              [36m>[39m
                [0m/[0m
              [36m</span>[39m
              [36m<span[39m
                [33mclass[39m=[32m"text-white 
truncate"[39m
              [36m>[39m
                [0mPercentage Calculator[0m
              [36m</span>[39m
            [36m</div>[39m
          [36m</div>[39m
          [36m<main[39m
            [33mclass[39m=[32m"hp-container py-8"[39m
          [36m>[39m
            [36m<header[39m
              [33mclass[39m=[32m"mb-10 border-b 
border-[#CCCCCC] pb-8"[39m
            [36m>[39m
              [36m<h1[39m
                [33mclass[39m=[32m"text-3xl font-black 
text-[#006600] tracking-tight mb-2"[39m
              [36m>[39m
                [0mPercentage Calculator[0m
              [36m</h1>[39m
              [36m<p[39m
                [33mclass[39m=[32m"text-[14px] 
text-[#333333] leading-relaxed max-w-4xl"[39m
              [36m>[39m
                [0mSolve any percentage problem 
instantly — discounts, growth rates, original values, and 
more.[0m
              [36m</p>[39m
            [36m</header>[39m
            [36m<div[39m
              [33mclass[39m=[32m"grid grid-cols-1 
lg:grid-cols-10 gap-x-12 items-start"[39m
            [36m>[39m
              [36m<section[39m
                [33mclass[39m=[32m"lg:col-span-6 
space-y-8"[39m
              [36m>[39m
                [36m<div[39m
                  [33mclass[39m=[32m"bg-white"[39m
                [36m>[39m
                  [36m<div[39m
                    [33mclass[39m=[32m"space-y-6"[39m
                  [36m>[39m
                    [36m<div[39m
                      
[33mclass[39m=[32m"space-y-2"[39m
                    [36m>[39m
                      [36m<label[39m
                        [33mclass[39m=[32m"text-[11px] 
font-bold uppercase text-[var(--text-secondary)]"[39m
                      [36m>[39m
                        [0mCalculation Mode[0m
                      [36m</label>[39m
                      [36m<div[39m
                        
[33mclass[39m=[32m"space-y-1"[39m
                      [36m>[39m
                        [36m<button[39m
                          [33mclass[39m=[32m"w-full 
p-4 border text-left flex items-center gap-3 
transition-all bg-white border-[var(--border)] 
text-[var(--text-main)] hover:bg-[var(--bg-subtle)]"[39m
                        [36m>[39m
                          [36m<svg[39m
                            [33mclass[39m=[32m"lucide 
lucide-percent w-4 h-4 shrink-0"[39m
                            
[33mfill[39m=[32m"none"[39m
                            
[33mheight[39m=[32m"24"[39m
                            
[33mstroke[39m=[32m"currentColor"[39m
                            
[33mstroke-linecap[39m=[32m"round"[39m
                            
[33mstroke-linejoin[39m=[32m"round"[39m
                            
[33mstroke-width[39m=[32m"2"[39m
                            [33mviewBox[39m=[32m"0 0 
24 24"[39m
                            [33mwidth[39m=[32m"24"[39m
                            
[33mxmlns[39m=[32m"http://www.w3.org/2000/svg"[39m
                          [36m>[39m
                            [36m<line[39m
                              [33mx1[39m=[32m"19"[39m
                              [33mx2[39m=[32m"5"[39m
                              [33my1[39m=[32m"5"[39m
                              [33my2[39m=[32m"19"[39m
                            [36m/>[39m
                            [36m<circle[39m
                              [33mcx[39m=[32m"6.5"[39m
                              [33mcy[39m=[32m"6.5"[39m
                              [33mr[39m=[32m"2.5"[39m
                            [36m/>[39m
                            [36m<circle[39m
                              
[33mcx[39m=[32m"17.5"[39m
                              
[33mcy[39m=[32m"17.5"[39m
                              [33mr[39m=[32m"2.5"[39m
                            [36m/>[39m
                          [36m</svg>[39m
                          [36m<span[39m
                            
[33mclass[39m=[32m"text-[12px] font-bold uppercase 
tracking-tight"[39m
                          [36m>[39m
                            [0mX% of Y[0m
                          [36m</span>[39m
                        [36m</button>[39m
                        [36m<button[39m
                          [33mclass[39m=[32m"w-full 
p-4 border text-left flex items-center gap-3 
transition-all bg-white border-[var(--border)] 
text-[var(--text-main)] hover:bg-[var(--bg-subtle)]"[39m
                        [36m>[39m
                          [36m<svg[39m
                            [33mclass[39m=[32m"lucide 
lucide-search w-4 h-4 shrink-0"[39m
                            
[33mfill[39m=[32m"none"[39m
                            
[33mheight[39m=[32m"24"[39m
                            
[33mstroke[39m=[32m"currentColor"[39m
                            
[33mstroke-linecap[39m=[32m"round"[39m
                            
[33mstroke-linejoin[39m=[32m"round"[39m
                            
[33mstroke-width[39m=[32m"2"[39m
                            [33mviewBox[39m=[32m"0 0 
24 24"[39m
                            [33mwidth[39m=[32m"24"[39m
                            
[33mxmlns[39m=[32m"http://www.w3.org/2000/svg"[39m
                          [36m>[39m
                            [36m<circle[39m
                              [33mcx[39m=[32m"11"[39m
                              [33mcy[39m=[32m"11"[39m
                              [33mr[39m=[32m"8"[39m
                            [36m/>[39m
                            [36m<path[39m
                              [33md[39m=[32m"m21 
21-4.3-4.3"[39m
                            [36m/>[39m
                          [36m</svg>[39m
                          [36m<span[39m
                            
[33mclass[39m=[32m"text-[12px] font-bold uppercase 
tracking-tight"[39m
                          [36m>[39m
                            [0mX is ?% of Y[0m
                          [36m</span>[39m
                        [36m</button>[39m
                        [36m<button[39m
                          [33mclass...

    [0m [90m 79 |[39m     
fireEvent[33m.[39mchange(inputs[[35m1[39m][33m,[39m 
{ target[33m:[39m { value[33m:[39m [32m'120'[39m } 
})[33m;[39m
     [90m 80 |[39m
    [31m[1m>[22m[39m[90m 81 |[39m     expect(screen
[33m.[39mgetByText([32m'20.00%'[39m))[33m.[39mtoBeInT
heDocument()[33m;[39m
     [90m    |[39m                   
[31m[1m^[22m[39m
     [90m 82 |[39m     expect(screen[33m.[39mgetByText
([35m/Increase/i[39m))[33m.[39mtoBeInTheDocument()[33
m;[39m
     [90m 83 |[39m   })[33m;[39m
     [90m 84 |[39m })[33m;[39m[0m

      at Object.getElementError 
(node_modules/@testing-library/dom/dist/config.js:37:19)
      at node_modules/@testing-library/dom/dist/query-help
ers.js:76:38
      at node_modules/@testing-library/dom/dist/query-help
ers.js:52:17
      at node_modules/@testing-library/dom/dist/query-help
ers.js:95:19
      at Object.getByText (src/__tests__/components/Percen
tageCalculator.test.tsx:81:19)

Test Suites: 2 failed, 2 passed, 4 total
Tests:       4 failed, 94 passed, 98 total
Snapshots:   0 total
Time:        4.673 s
Ran all test suites.
